[    0.000000] Linux version 5.14.16-arch1-1 (linux@archlinux) (gcc (GCC) 11.1.0, GNU ld (GNU Binutils) 2.36.1) #1 SMP PREEMPT Tue, 02 Nov 2021 22:22:59 +0000
[    0.000000] Command line: BOOT_IMAGE=/vmlinuz-linux root=/dev/mapper/nas-root rw noibrs noibpb nopti nospectre_v2 nospectre_v1 l1tf=off nospec_store_bypass_disable no_stf_barrier mds=off mitigations=off
[    0.000000] x86/fpu: Supporting XSAVE feature 0x001: 'x87 floating point registers'
[    0.000000] x86/fpu: Supporting XSAVE feature 0x002: 'SSE registers'
[    0.000000] x86/fpu: Supporting XSAVE feature 0x008: 'MPX bounds registers'
[    0.000000] x86/fpu: Supporting XSAVE feature 0x010: 'MPX CSR'
[    0.000000] x86/fpu: xstate_offset[3]:  576, xstate_sizes[3]:   64
[    0.000000] x86/fpu: xstate_offset[4]:  640, xstate_sizes[4]:   64
[    0.000000] x86/fpu: Enabled xstate features 0x1b, context size is 704 bytes, using 'compacted' format.
[    0.000000] signal: max sigframe size: 2032
[    0.000000] BIOS-provided physical RAM map:
[    0.000000] BIOS-e820: [mem 0x0000000000000000-0x000000000003dfff] usable
[    0.000000] BIOS-e820: [mem 0x000000000003e000-0x000000000003ffff] reserved
[    0.000000] BIOS-e820: [mem 0x0000000000040000-0x000000000009efff] usable
[    0.000000] BIOS-e820: [mem 0x000000000009f000-0x00000000000fffff] reserved
[    0.000000] BIOS-e820: [mem 0x0000000000100000-0x000000000fffffff] usable
[    0.000000] BIOS-e820: [mem 0x0000000010000000-0x0000000012150fff] reserved
[    0.000000] BIOS-e820: [mem 0x0000000012151000-0x0000000076e69fff] usable
[    0.000000] BIOS-e820: [mem 0x0000000076e6a000-0x0000000079728fff] reserved
[    0.000000] BIOS-e820: [mem 0x0000000079729000-0x00000000797e9fff] usable
[    0.000000] BIOS-e820: [mem 0x00000000797ea000-0x0000000079b22fff] ACPI NVS
[    0.000000] BIOS-e820: [mem 0x0000000079b23000-0x0000000079e45fff] reserved
[    0.000000] BIOS-e820: [mem 0x0000000079e46000-0x0000000079ee6fff] type 20
[    0.000000] BIOS-e820: [mem 0x0000000079ee7000-0x000000007a6e4fff] usable
[    0.000000] BIOS-e820: [mem 0x000000007a6e5000-0x000000007a790fff] reserved
[    0.000000] BIOS-e820: [mem 0x000000007a791000-0x000000007abfffff] usable
[    0.000000] BIOS-e820: [mem 0x000000007ac00000-0x000000007fffffff] reserved
[    0.000000] BIOS-e820: [mem 0x00000000d0000000-0x00000000d0ffffff] reserved
[    0.000000] BIOS-e820: [mem 0x00000000d3709000-0x00000000d3709fff] reserved
[    0.000000] BIOS-e820: [mem 0x00000000e0000000-0x00000000efffffff] reserved
[    0.000000] BIOS-e820: [mem 0x00000000fe042000-0x00000000fe044fff] reserved
[    0.000000] BIOS-e820: [mem 0x00000000fe900000-0x00000000fe902fff] reserved
[    0.000000] BIOS-e820: [mem 0x00000000fec00000-0x00000000fec00fff] reserved
[    0.000000] BIOS-e820: [mem 0x00000000fed01000-0x00000000fed01fff] reserved
[    0.000000] BIOS-e820: [mem 0x00000000fee00000-0x00000000fee00fff] reserved
[    0.000000] BIOS-e820: [mem 0x00000000ff000000-0x00000000ffffffff] reserved
[    0.000000] BIOS-e820: [mem 0x0000000100000000-0x000000027fffffff] usable
[    0.000000] NX (Execute Disable) protection: active
[    0.000000] efi: EFI v2.70 by American Megatrends
[    0.000000] efi: ACPI 2.0=0x79b0c000 ACPI=0x79b0c000 SMBIOS=0x79d24000 SMBIOS 3.0=0x79d23000 MEMATTR=0x73f56018 ESRT=0x760b3a98 
[    0.000000] SMBIOS 3.1.1 present.
[    0.000000] DMI: Default string Default string/Default string, BIOS SAO4AR04 03/12/2020
[    0.000000] tsc: Detected 1996.800 MHz processor
[    0.000019] e820: update [mem 0x00000000-0x00000fff] usable ==> reserved
[    0.000025] e820: remove [mem 0x000a0000-0x000fffff] usable
[    0.000036] last_pfn = 0x280000 max_arch_pfn = 0x400000000
[    0.000077] x86/PAT: Configuration [0-7]: WB  WC  UC- UC  WB  WP  UC- WT  
[    0.000270] last_pfn = 0x7ac00 max_arch_pfn = 0x400000000
[    0.005343] found SMP MP-table at [mem 0x000fcd90-0x000fcd9f]
[    0.005366] esrt: Reserving ESRT space from 0x00000000760b3a98 to 0x00000000760b3ad0.
[    0.005375] e820: update [mem 0x760b3000-0x760b3fff] usable ==> reserved
[    0.005400] Using GB pages for direct mapping
[    0.006256] Secure boot disabled
[    0.006258] RAMDISK: [mem 0x35d6f000-0x36eaefff]
[    0.006263] ACPI: Early table checksum verification disabled
[    0.006269] ACPI: RSDP 0x0000000079B0C000 000024 (v02 ALASKA)
[    0.006275] ACPI: XSDT 0x0000000079B0C0C0 0000DC (v01 ALASKA A M I    01072009 AMI  00010013)
[    0.006283] ACPI: FACP 0x0000000079B17EC0 000114 (v06 ALASKA A M I    01072009 AMI  00010013)
[    0.006292] ACPI: DSDT 0x0000000079B0C240 00BC79 (v02 ALASKA A M I    01072009 INTL 20160930)
[    0.006298] ACPI: FACS 0x0000000079B22080 000040
[    0.006303] ACPI: FPDT 0x0000000079B17FE0 000044 (v01 ALASKA A M I    01072009 AMI  00010013)
[    0.006308] ACPI: FIDT 0x0000000079B18030 00009C (v01 ALASKA A M I    01072009 AMI  00010013)
[    0.006313] ACPI: MCFG 0x0000000079B180D0 00003C (v01 ALASKA A M I    01072009 MSFT 00000097)
[    0.006318] ACPI: DBG2 0x0000000079B18110 000072 (v00 INTEL  GLK-SOC  00000003 BRXT 0100000D)
[    0.006323] ACPI: DBGP 0x0000000079B18190 000034 (v01 INTEL  GLK-SOC  00000003 BRXT 0100000D)
[    0.006327] ACPI: HPET 0x0000000079B181D0 000038 (v01 INTEL  GLK-SOC  00000003 BRXT 0100000D)
[    0.006332] ACPI: LPIT 0x0000000079B18210 00005C (v01 INTEL  GLK-SOC  00000003 BRXT 0100000D)
[    0.006337] ACPI: APIC 0x0000000079B18270 000084 (v04 INTEL  GLK-SOC  00000003 BRXT 0100000D)
[    0.006341] ACPI: NPKT 0x0000000079B18300 000065 (v01 INTEL  GLK-SOC  00000003 BRXT 0100000D)
[    0.006346] ACPI: SSDT 0x0000000079B18370 0010B3 (v02 INTEL  UsbCTabl 00000003 BRXT 0100000D)
[    0.006351] ACPI: SSDT 0x0000000079B19430 0009FF (v01 Intel_ Platform 00001000 INTL 20160930)
[    0.006356] ACPI: SSDT 0x0000000079B19E30 0000B1 (v01 Intel_ ADebTabl 00001000 INTL 20160930)
[    0.006361] ACPI: SSDT 0x0000000079B19EF0 0005BC (v02 PmRef  Cpu0Ist  00003000 INTL 20160930)
[    0.006366] ACPI: SSDT 0x0000000079B1A4B0 000775 (v02 CpuRef CpuSsdt  00003000 INTL 20160930)
[    0.006371] ACPI: SSDT 0x0000000079B1AC30 00035F (v02 PmRef  Cpu0Tst  00003000 INTL 20160930)
[    0.006376] ACPI: SSDT 0x0000000079B1AF90 0001E6 (v02 PmRef  ApTst    00003000 INTL 20160930)
[    0.006381] ACPI: SSDT 0x0000000079B1B180 00286F (v02 SaSsdt SaSsdt   00003000 INTL 20160930)
[    0.006386] ACPI: UEFI 0x0000000079B1D9F0 000048 (v01 ALASKA A M I    00000002      01000013)
[    0.006391] ACPI: DMAR 0x0000000079B1DA40 0000A8 (v01 INTEL  GLK-SOC  00000003 BRXT 0100000D)
[    0.006396] ACPI: WDAT 0x0000000079B1DAF0 000104 (v01                 00000000      00000000)
[    0.006401] ACPI: NHLT 0x0000000079B1DC00 001A50 (v00 ALASKA A M I    00000002      01000013)
[    0.006406] ACPI: WSMT 0x0000000079B1F650 000028 (v01 ALASKA A M I    01072009 AMI  00010013)
[    0.006410] ACPI: Reserving FACP table memory at [mem 0x79b17ec0-0x79b17fd3]
[    0.006412] ACPI: Reserving DSDT table memory at [mem 0x79b0c240-0x79b17eb8]
[    0.006414] ACPI: Reserving FACS table memory at [mem 0x79b22080-0x79b220bf]
[    0.006416] ACPI: Reserving FPDT table memory at [mem 0x79b17fe0-0x79b18023]
[    0.006417] ACPI: Reserving FIDT table memory at [mem 0x79b18030-0x79b180cb]
[    0.006419] ACPI: Reserving MCFG table memory at [mem 0x79b180d0-0x79b1810b]
[    0.006421] ACPI: Reserving DBG2 table memory at [mem 0x79b18110-0x79b18181]
[    0.006422] ACPI: Reserving DBGP table memory at [mem 0x79b18190-0x79b181c3]
[    0.006424] ACPI: Reserving HPET table memory at [mem 0x79b181d0-0x79b18207]
[    0.006426] ACPI: Reserving LPIT table memory at [mem 0x79b18210-0x79b1826b]
[    0.006427] ACPI: Reserving APIC table memory at [mem 0x79b18270-0x79b182f3]
[    0.006429] ACPI: Reserving NPKT table memory at [mem 0x79b18300-0x79b18364]
[    0.006431] ACPI: Reserving SSDT table memory at [mem 0x79b18370-0x79b19422]
[    0.006432] ACPI: Reserving SSDT table memory at [mem 0x79b19430-0x79b19e2e]
[    0.006434] ACPI: Reserving SSDT table memory at [mem 0x79b19e30-0x79b19ee0]
[    0.006436] ACPI: Reserving SSDT table memory at [mem 0x79b19ef0-0x79b1a4ab]
[    0.006437] ACPI: Reserving SSDT table memory at [mem 0x79b1a4b0-0x79b1ac24]
[    0.006439] ACPI: Reserving SSDT table memory at [mem 0x79b1ac30-0x79b1af8e]
[    0.006441] ACPI: Reserving SSDT table memory at [mem 0x79b1af90-0x79b1b175]
[    0.006443] ACPI: Reserving SSDT table memory at [mem 0x79b1b180-0x79b1d9ee]
[    0.006445] ACPI: Reserving UEFI table memory at [mem 0x79b1d9f0-0x79b1da37]
[    0.006446] ACPI: Reserving DMAR table memory at [mem 0x79b1da40-0x79b1dae7]
[    0.006448] ACPI: Reserving WDAT table memory at [mem 0x79b1daf0-0x79b1dbf3]
[    0.006450] ACPI: Reserving NHLT table memory at [mem 0x79b1dc00-0x79b1f64f]
[    0.006452] ACPI: Reserving WSMT table memory at [mem 0x79b1f650-0x79b1f677]
[    0.006580] No NUMA configuration found
[    0.006582] Faking a node at [mem 0x0000000000000000-0x000000027fffffff]
[    0.006588] NODE_DATA(0) allocated [mem 0x27fffc000-0x27fffffff]
[    0.006634] Zone ranges:
[    0.006636]   DMA      [mem 0x0000000000001000-0x0000000000ffffff]
[    0.006639]   DMA32    [mem 0x0000000001000000-0x00000000ffffffff]
[    0.006642]   Normal   [mem 0x0000000100000000-0x000000027fffffff]
[    0.006644]   Device   empty
[    0.006646] Movable zone start for each node
[    0.006648] Early memory node ranges
[    0.006649]   node   0: [mem 0x0000000000001000-0x000000000003dfff]
[    0.006651]   node   0: [mem 0x0000000000040000-0x000000000009efff]
[    0.006653]   node   0: [mem 0x0000000000100000-0x000000000fffffff]
[    0.006655]   node   0: [mem 0x0000000012151000-0x0000000076e69fff]
[    0.006656]   node   0: [mem 0x0000000079729000-0x00000000797e9fff]
[    0.006658]   node   0: [mem 0x0000000079ee7000-0x000000007a6e4fff]
[    0.006659]   node   0: [mem 0x000000007a791000-0x000000007abfffff]
[    0.006661]   node   0: [mem 0x0000000100000000-0x000000027fffffff]
[    0.006664] Initmem setup node 0 [mem 0x0000000000001000-0x000000027fffffff]
[    0.006670] On node 0, zone DMA: 1 pages in unavailable ranges
[    0.006673] On node 0, zone DMA: 2 pages in unavailable ranges
[    0.006713] On node 0, zone DMA: 97 pages in unavailable ranges
[    0.011653] On node 0, zone DMA32: 8529 pages in unavailable ranges
[    0.011830] On node 0, zone DMA32: 10431 pages in unavailable ranges
[    0.011881] On node 0, zone DMA32: 1789 pages in unavailable ranges
[    0.011897] On node 0, zone DMA32: 172 pages in unavailable ranges
[    0.028279] On node 0, zone Normal: 21504 pages in unavailable ranges
[    0.028302] Reserving Intel graphics memory at [mem 0x7c000000-0x7fffffff]
[    0.028506] ACPI: PM-Timer IO Port: 0x408
[    0.028519] ACPI: LAPIC_NMI (acpi_id[0x01] high level lint[0x1])
[    0.028523] ACPI: LAPIC_NMI (acpi_id[0x02] high level lint[0x1])
[    0.028524] ACPI: LAPIC_NMI (acpi_id[0x03] high level lint[0x1])
[    0.028526] ACPI: LAPIC_NMI (acpi_id[0x04] high level lint[0x1])
[    0.028560] IOAPIC[0]: apic_id 1, version 32, address 0xfec00000, GSI 0-119
[    0.028566] ACPI: INT_SRC_OVR (bus 0 bus_irq 0 global_irq 2 dfl dfl)
[    0.028569] ACPI: INT_SRC_OVR (bus 0 bus_irq 9 global_irq 9 low level)
[    0.028574] ACPI: Using ACPI (MADT) for SMP configuration information
[    0.028576] ACPI: HPET id: 0x8086a701 base: 0xfed00000
[    0.028585] TSC deadline timer available
[    0.028587] smpboot: Allowing 4 CPUs, 0 hotplug CPUs
[    0.028639] PM: hibernation: Registered nosave memory: [mem 0x00000000-0x00000fff]
[    0.028643] PM: hibernation: Registered nosave memory: [mem 0x0003e000-0x0003ffff]
[    0.028646] PM: hibernation: Registered nosave memory: [mem 0x0009f000-0x000fffff]
[    0.028650] PM: hibernation: Registered nosave memory: [mem 0x10000000-0x12150fff]
[    0.028653] PM: hibernation: Registered nosave memory: [mem 0x760b3000-0x760b3fff]
[    0.028656] PM: hibernation: Registered nosave memory: [mem 0x76e6a000-0x79728fff]
[    0.028660] PM: hibernation: Registered nosave memory: [mem 0x797ea000-0x79b22fff]
[    0.028661] PM: hibernation: Registered nosave memory: [mem 0x79b23000-0x79e45fff]
[    0.028663] PM: hibernation: Registered nosave memory: [mem 0x79e46000-0x79ee6fff]
[    0.028666] PM: hibernation: Registered nosave memory: [mem 0x7a6e5000-0x7a790fff]
[    0.028669] PM: hibernation: Registered nosave memory: [mem 0x7ac00000-0x7fffffff]
[    0.028671] PM: hibernation: Registered nosave memory: [mem 0x80000000-0xcfffffff]
[    0.028672] PM: hibernation: Registered nosave memory: [mem 0xd0000000-0xd0ffffff]
[    0.028674] PM: hibernation: Registered nosave memory: [mem 0xd1000000-0xd3708fff]
[    0.028675] PM: hibernation: Registered nosave memory: [mem 0xd3709000-0xd3709fff]
[    0.028677] PM: hibernation: Registered nosave memory: [mem 0xd370a000-0xdfffffff]
[    0.028678] PM: hibernation: Registered nosave memory: [mem 0xe0000000-0xefffffff]
[    0.028679] PM: hibernation: Registered nosave memory: [mem 0xf0000000-0xfe041fff]
[    0.028681] PM: hibernation: Registered nosave memory: [mem 0xfe042000-0xfe044fff]
[    0.028682] PM: hibernation: Registered nosave memory: [mem 0xfe045000-0xfe8fffff]
[    0.028684] PM: hibernation: Registered nosave memory: [mem 0xfe900000-0xfe902fff]
[    0.028685] PM: hibernation: Registered nosave memory: [mem 0xfe903000-0xfebfffff]
[    0.028686] PM: hibernation: Registered nosave memory: [mem 0xfec00000-0xfec00fff]
[    0.028688] PM: hibernation: Registered nosave memory: [mem 0xfec01000-0xfed00fff]
[    0.028689] PM: hibernation: Registered nosave memory: [mem 0xfed01000-0xfed01fff]
[    0.028690] PM: hibernation: Registered nosave memory: [mem 0xfed02000-0xfedfffff]
[    0.028692] PM: hibernation: Registered nosave memory: [mem 0xfee00000-0xfee00fff]
[    0.028693] PM: hibernation: Registered nosave memory: [mem 0xfee01000-0xfeffffff]
[    0.028695] PM: hibernation: Registered nosave memory: [mem 0xff000000-0xffffffff]
[    0.028697] [mem 0x80000000-0xcfffffff] available for PCI devices
[    0.028700] Booting paravirtualized kernel on bare hardware
[    0.028704] clocksource: refined-jiffies: mask: 0xffffffff max_cycles: 0xffffffff, max_idle_ns: 6370452778343963 ns
[    0.035344] setup_percpu: NR_CPUS:320 nr_cpumask_bits:320 nr_cpu_ids:4 nr_node_ids:1
[    0.035741] percpu: Embedded 57 pages/cpu s196608 r8192 d28672 u524288
[    0.035755] pcpu-alloc: s196608 r8192 d28672 u524288 alloc=1*2097152
[    0.035760] pcpu-alloc: [0] 0 1 2 3 
[    0.035805] Built 1 zonelists, mobility grouping on.  Total pages: 2022365
[    0.035810] Policy zone: Normal
[    0.035813] Kernel command line: BOOT_IMAGE=/vmlinuz-linux root=/dev/mapper/nas-root rw noibrs noibpb nopti nospectre_v2 nospectre_v1 l1tf=off nospec_store_bypass_disable no_stf_barrier mds=off mitigations=off
[    0.036083] Unknown command line parameters: noibrs noibpb nopti nospectre_v2 nospec_store_bypass_disable no_stf_barrier BOOT_IMAGE=/vmlinuz-linux
[    0.037359] Dentry cache hash table entries: 1048576 (order: 11, 8388608 bytes, linear)
[    0.038033] Inode-cache hash table entries: 524288 (order: 10, 4194304 bytes, linear)
[    0.038425] mem auto-init: stack:byref_all(zero), heap alloc:on, heap free:off
[    0.079400] Memory: 7925196K/8218508K available (14344K kernel code, 2064K rwdata, 9356K rodata, 1804K init, 4076K bss, 293052K reserved, 0K cma-reserved)
[    0.079411] random: get_random_u64 called from __kmem_cache_create+0x2a/0x530 with crng_init=0
[    0.079637] SLUB: HWalign=64, Order=0-3, MinObjects=0, CPUs=4, Nodes=1
[    0.079660] ftrace: allocating 42552 entries in 167 pages
[    0.098132] ftrace: allocated 167 pages with 5 groups
[    0.098298] rcu: Preemptible hierarchical RCU implementation.
[    0.098300] rcu: 	RCU dyntick-idle grace-period acceleration is enabled.
[    0.098301] rcu: 	RCU restricting CPUs from NR_CPUS=320 to nr_cpu_ids=4.
[    0.098303] rcu: 	RCU priority boosting: priority 1 delay 500 ms.
[    0.098305] 	Trampoline variant of Tasks RCU enabled.
[    0.098306] 	Rude variant of Tasks RCU enabled.
[    0.098307] 	Tracing variant of Tasks RCU enabled.
[    0.098308] rcu: RCU calculated value of scheduler-enlistment delay is 30 jiffies.
[    0.098310] rcu: Adjusting geometry for rcu_fanout_leaf=16, nr_cpu_ids=4
[    0.104892] NR_IRQS: 20736, nr_irqs: 1024, preallocated irqs: 16
[    0.105542] kfence: initialized - using 2097152 bytes for 255 objects at 0x(____ptrval____)-0x(____ptrval____)
[    0.105721] Console: colour dummy device 80x25
[    0.105745] printk: console [tty0] enabled
[    0.105772] ACPI: Core revision 20210604
[    0.106062] clocksource: hpet: mask: 0xffffffff max_cycles: 0xffffffff, max_idle_ns: 99544814920 ns
[    0.106153] APIC: Switch to symmetric I/O mode setup
[    0.106156] DMAR: Host address width 39
[    0.106158] DMAR: DRHD base: 0x000000fed64000 flags: 0x0
[    0.106166] DMAR: dmar0: reg_base_addr fed64000 ver 1:0 cap 1c0000c40660462 ecap 9e2ff0505e
[    0.106169] DMAR: DRHD base: 0x000000fed65000 flags: 0x1
[    0.106177] DMAR: dmar1: reg_base_addr fed65000 ver 1:0 cap d2008c40660462 ecap f050da
[    0.106181] DMAR: RMRR base: 0x000000796c7000 end: 0x000000796e6fff
[    0.106184] DMAR: RMRR base: 0x0000007b800000 end: 0x0000007fffffff
[    0.106187] DMAR-IR: IOAPIC id 1 under DRHD base  0xfed65000 IOMMU 1
[    0.106189] DMAR-IR: HPET id 0 under DRHD base 0xfed65000
[    0.106191] DMAR-IR: Queued invalidation will be enabled to support x2apic and Intr-remapping.
[    0.108197] DMAR-IR: Enabled IRQ remapping in x2apic mode
[    0.108202] x2apic enabled
[    0.108226] Switched APIC routing to cluster x2apic.
[    0.112830] ..TIMER: vector=0x30 apic1=0 pin1=2 apic2=-1 pin2=-1
[    0.129449] clocksource: tsc-early: mask: 0xffffffffffffffff max_cycles: 0x3990bec8342, max_idle_ns: 881590769617 ns
[    0.129464] Calibrating delay loop (skipped), value calculated using timer frequency.. 3995.00 BogoMIPS (lpj=6656000)
[    0.129468] pid_max: default: 32768 minimum: 301
[    0.131878] LSM: Security Framework initializing
[    0.131894] landlock: Up and running.
[    0.131897] Yama: becoming mindful.
[    0.131910] LSM support for eBPF active
[    0.131948] Mount-cache hash table entries: 16384 (order: 5, 131072 bytes, linear)
[    0.131970] Mountpoint-cache hash table entries: 16384 (order: 5, 131072 bytes, linear)
[    0.132334] x86/cpu: SGX disabled by BIOS.
[    0.132354] CPU0: Thermal monitoring enabled (TM1)
[    0.132357] x86/cpu: User Mode Instruction Prevention (UMIP) activated
[    0.132460] process: using mwait in idle threads
[    0.132463] Last level iTLB entries: 4KB 0, 2MB 0, 4MB 0
[    0.132464] Last level dTLB entries: 4KB 0, 2MB 0, 4MB 0, 1GB 0
[    0.132472] Speculative Store Bypass: Vulnerable
[    0.139107] Freeing SMP alternatives memory: 36K
[    0.139247] smpboot: Estimated ratio of average max frequency by base frequency (times 1024): 1382
[    0.139266] smpboot: CPU0: Intel(R) Celeron(R) J4125 CPU @ 2.00GHz (family: 0x6, model: 0x7a, stepping: 0x8)
[    0.139457] Performance Events: PEBS fmt3+, Goldmont plus events, 32-deep LBR, full-width counters, Intel PMU driver.
[    0.139457] ... version:                4
[    0.139457] ... bit width:              48
[    0.139457] ... generic registers:      4
[    0.139457] ... value mask:             0000ffffffffffff
[    0.139457] ... max period:             00007fffffffffff
[    0.139457] ... fixed-purpose events:   3
[    0.139457] ... event mask:             000000070000000f
[    0.139457] rcu: Hierarchical SRCU implementation.
[    0.139457] NMI watchdog: Enabled. Permanently consumes one hw-PMU counter.
[    0.139457] smp: Bringing up secondary CPUs ...
[    0.139457] x86: Booting SMP configuration:
[    0.139457] .... node  #0, CPUs:      #1 #2 #3
[    0.140510] smp: Brought up 1 node, 4 CPUs
[    0.140510] smpboot: Max logical packages: 1
[    0.140510] smpboot: Total of 4 processors activated (15980.00 BogoMIPS)
[    0.140510] devtmpfs: initialized
[    0.140510] x86/mm: Memory block size: 128MB
[    0.143187] ACPI: PM: Registering ACPI NVS region [mem 0x797ea000-0x79b22fff] (3379200 bytes)
[    0.143187] clocksource: jiffies: mask: 0xffffffff max_cycles: 0xffffffff, max_idle_ns: 6370867519511994 ns
[    0.143187] futex hash table entries: 1024 (order: 4, 65536 bytes, linear)
[    0.143187] pinctrl core: initialized pinctrl subsystem
[    0.143370] PM: RTC time: 19:59:48, date: 2021-11-08
[    0.143578] NET: Registered PF_NETLINK/PF_ROUTE protocol family
[    0.143917] DMA: preallocated 1024 KiB GFP_KERNEL pool for atomic allocations
[    0.144072] DMA: preallocated 1024 KiB GFP_KERNEL|GFP_DMA pool for atomic allocations
[    0.144223] DMA: preallocated 1024 KiB GFP_KERNEL|GFP_DMA32 pool for atomic allocations
[    0.144238] audit: initializing netlink subsys (disabled)
[    0.144258] audit: type=2000 audit(1636401588.033:1): state=initialized audit_enabled=0 res=1
[    0.144258] thermal_sys: Registered thermal governor 'fair_share'
[    0.144258] thermal_sys: Registered thermal governor 'bang_bang'
[    0.144258] thermal_sys: Registered thermal governor 'step_wise'
[    0.144258] thermal_sys: Registered thermal governor 'user_space'
[    0.144258] thermal_sys: Registered thermal governor 'power_allocator'
[    0.144258] cpuidle: using governor ladder
[    0.144258] cpuidle: using governor menu
[    0.144258] HugeTLB: can free 4094 vmemmap pages for hugepages-1048576kB
[    0.144258] ACPI FADT declares the system doesn't support PCIe ASPM, so disable it
[    0.144258] ACPI: bus type PCI registered
[    0.144258] acpiphp: ACPI Hot Plug PCI Controller Driver version: 0.5
[    0.144258] PCI: MMCONFIG for domain 0000 [bus 00-ff] at [mem 0xe0000000-0xefffffff] (base 0xe0000000)
[    0.144258] PCI: MMCONFIG at [mem 0xe0000000-0xefffffff] reserved in E820
[    0.144258] PCI: Using configuration type 1 for base access
[    0.147200] Kprobes globally optimized
[    0.147207] HugeTLB: can free 6 vmemmap pages for hugepages-2048kB
[    0.147207] HugeTLB registered 1.00 GiB page size, pre-allocated 0 pages
[    0.147207] HugeTLB registered 2.00 MiB page size, pre-allocated 0 pages
[    0.147207] fbcon: Taking over console
[    0.147207] ACPI: Added _OSI(Module Device)
[    0.147207] ACPI: Added _OSI(Processor Device)
[    0.147207] ACPI: Added _OSI(3.0 _SCP Extensions)
[    0.147207] ACPI: Added _OSI(Processor Aggregator Device)
[    0.147207] ACPI: Added _OSI(Linux-Dell-Video)
[    0.147207] ACPI: Added _OSI(Linux-Lenovo-NV-HDMI-Audio)
[    0.147207] ACPI: Added _OSI(Linux-HPI-Hybrid-Graphics)
[    0.165586] ACPI: 9 ACPI AML tables successfully acquired and loaded
[    0.187879] ACPI: Dynamic OEM Table Load:
[    0.187890] ACPI: SSDT 0xFFFF8FC9C0E59A00 0001E6 (v02 PmRef  ApIst    00003000 INTL 20160930)
[    0.190619] ACPI: Interpreter enabled
[    0.190659] ACPI: PM: (supports S0 S3 S4 S5)
[    0.190661] ACPI: Using IOAPIC for interrupt routing
[    0.190710] PCI: Using host bridge windows from ACPI; if necessary, use "pci=nocrs" and report a bug
[    0.191224] ACPI: Enabled 10 GPEs in block 00 to 7F
[    0.199207] ACPI: PM: Power Resource [DRST]
[    0.199573] ACPI: PM: Power Resource [DRST]
[    0.199931] ACPI: PM: Power Resource [DRST]
[    0.200291] ACPI: PM: Power Resource [DRST]
[    0.200648] ACPI: PM: Power Resource [DRST]
[    0.201019] ACPI: PM: Power Resource [DRST]
[    0.201478] ACPI: PM: Power Resource [WRST]
[    0.206199] ACPI: PM: Power Resource [FN00]
[    0.207404] ACPI: PCI Root Bridge [PCI0] (domain 0000 [bus 00-ff])
[    0.207415] acpi PNP0A08:00: _OSC: OS supports [ExtendedConfig ASPM ClockPM Segments MSI EDR HPX-Type3]
[    0.207498] acpi PNP0A08:00: _OSC: platform retains control of PCIe features (AE_ERROR)
[    0.207718] acpi PNP0A08:00: host bridge window [mem 0x1000000010000 window] (ignored, not CPU addressable)
[    0.208811] PCI host bridge to bus 0000:00
[    0.208814] pci_bus 0000:00: root bus resource [io  0x0070-0x0077]
[    0.208817] pci_bus 0000:00: root bus resource [io  0x0000-0x006f window]
[    0.208820] pci_bus 0000:00: root bus resource [io  0x0078-0x0cf7 window]
[    0.208822] pci_bus 0000:00: root bus resource [io  0x0d00-0xffff window]
[    0.208824] pci_bus 0000:00: root bus resource [mem 0x000a0000-0x000bffff window]
[    0.208826] pci_bus 0000:00: root bus resource [mem 0x000c0000-0x000dffff window]
[    0.208828] pci_bus 0000:00: root bus resource [mem 0x000e0000-0x000fffff window]
[    0.208830] pci_bus 0000:00: root bus resource [mem 0x7c000001-0x7fffffff window]
[    0.208833] pci_bus 0000:00: root bus resource [mem 0x80000000-0xbfffffff window]
[    0.208835] pci_bus 0000:00: root bus resource [mem 0xe0000000-0xefffffff window]
[    0.208837] pci_bus 0000:00: root bus resource [mem 0xfea00000-0xfeafffff window]
[    0.208839] pci_bus 0000:00: root bus resource [mem 0xfed00000-0xfed003ff window]
[    0.208841] pci_bus 0000:00: root bus resource [mem 0xfed01000-0xfed01fff window]
[    0.208843] pci_bus 0000:00: root bus resource [mem 0xfed03000-0xfed03fff window]
[    0.208845] pci_bus 0000:00: root bus resource [mem 0xfed06000-0xfed06fff window]
[    0.208847] pci_bus 0000:00: root bus resource [mem 0xfed08000-0xfed09fff window]
[    0.208849] pci_bus 0000:00: root bus resource [mem 0xfed80000-0xfedbffff window]
[    0.208851] pci_bus 0000:00: root bus resource [mem 0xfed1c000-0xfed1cfff window]
[    0.208853] pci_bus 0000:00: root bus resource [mem 0xfee00000-0xfeefffff window]
[    0.208856] pci_bus 0000:00: root bus resource [bus 00-ff]
[    0.208878] pci 0000:00:00.0: [8086:31f0] type 00 class 0x060000
[    0.209358] pci 0000:00:02.0: [8086:3185] type 00 class 0x030000
[    0.209370] pci 0000:00:02.0: reg 0x10: [mem 0xa0000000-0xa0ffffff 64bit]
[    0.209377] pci 0000:00:02.0: reg 0x18: [mem 0x90000000-0x9fffffff 64bit pref]
[    0.209383] pci 0000:00:02.0: reg 0x20: [io  0xf000-0xf03f]
[    0.210039] pci 0000:00:0e.0: [8086:3198] type 00 class 0x040100
[    0.210058] pci 0000:00:0e.0: reg 0x10: [mem 0xa1410000-0xa1413fff 64bit]
[    0.210082] pci 0000:00:0e.0: reg 0x20: [mem 0xa1000000-0xa10fffff 64bit]
[    0.210135] pci 0000:00:0e.0: PME# supported from D0 D3hot D3cold
[    0.212689] pci 0000:00:0f.0: [8086:319a] type 00 class 0x078000
[    0.212716] pci 0000:00:0f.0: reg 0x10: [mem 0xa141b000-0xa141bfff 64bit]
[    0.212820] pci 0000:00:0f.0: PME# supported from D3hot
[    0.213278] pci 0000:00:12.0: [8086:31e3] type 00 class 0x010601
[    0.213292] pci 0000:00:12.0: reg 0x10: [mem 0xa1414000-0xa1415fff]
[    0.213300] pci 0000:00:12.0: reg 0x14: [mem 0xa141a000-0xa141a0ff]
[    0.213309] pci 0000:00:12.0: reg 0x18: [io  0xf090-0xf097]
[    0.213317] pci 0000:00:12.0: reg 0x1c: [io  0xf080-0xf083]
[    0.213324] pci 0000:00:12.0: reg 0x20: [io  0xf060-0xf07f]
[    0.213332] pci 0000:00:12.0: reg 0x24: [mem 0xa1419000-0xa14197ff]
[    0.213371] pci 0000:00:12.0: PME# supported from D3hot
[    0.213789] pci 0000:00:13.0: [8086:31d8] type 01 class 0x060400
[    0.213858] pci 0000:00:13.0: PME# supported from D0 D3hot D3cold
[    0.214308] pci 0000:00:13.2: [8086:31da] type 01 class 0x060400
[    0.214374] pci 0000:00:13.2: PME# supported from D0 D3hot D3cold
[    0.214821] pci 0000:00:13.3: [8086:31db] type 01 class 0x060400
[    0.214887] pci 0000:00:13.3: PME# supported from D0 D3hot D3cold
[    0.215351] pci 0000:00:14.0: [8086:31d6] type 01 class 0x060400
[    0.215415] pci 0000:00:14.0: PME# supported from D0 D3hot D3cold
[    0.215855] pci 0000:00:14.1: [8086:31d7] type 01 class 0x060400
[    0.215922] pci 0000:00:14.1: PME# supported from D0 D3hot D3cold
[    0.216392] pci 0000:00:15.0: [8086:31a8] type 00 class 0x0c0330
[    0.216410] pci 0000:00:15.0: reg 0x10: [mem 0xa1400000-0xa140ffff 64bit]
[    0.216475] pci 0000:00:15.0: PME# supported from D3hot D3cold
[    0.216938] pci 0000:00:1c.0: [8086:31cc] type 00 class 0x080501
[    0.216960] pci 0000:00:1c.0: reg 0x10: [mem 0xa1418000-0xa1418fff 64bit]
[    0.216977] pci 0000:00:1c.0: reg 0x18: [mem 0xa1417000-0xa1417fff 64bit]
[    0.217629] pci 0000:00:1f.0: [8086:31e8] type 00 class 0x060100
[    0.218182] pci 0000:00:1f.1: [8086:31d4] type 00 class 0x0c0500
[    0.218249] pci 0000:00:1f.1: reg 0x10: [mem 0xa1416000-0xa14160ff 64bit]
[    0.218320] pci 0000:00:1f.1: reg 0x20: [io  0xf040-0xf05f]
[    0.218851] pci 0000:01:00.0: [1b21:0625] type 00 class 0x010601
[    0.218902] pci 0000:01:00.0: reg 0x24: [mem 0xa1380000-0xa1381fff]
[    0.218912] pci 0000:01:00.0: reg 0x30: [mem 0xa1300000-0xa137ffff pref]
[    0.219100] pci 0000:00:13.0: PCI bridge to [bus 01]
[    0.219106] pci 0000:00:13.0:   bridge window [mem 0xa1300000-0xa13fffff]
[    0.219183] pci 0000:02:00.0: [10ec:8125] type 00 class 0x020000
[    0.219200] pci 0000:02:00.0: reg 0x10: [io  0xe000-0xe0ff]
[    0.219219] pci 0000:02:00.0: reg 0x18: [mem 0xa1200000-0xa120ffff 64bit]
[    0.219232] pci 0000:02:00.0: reg 0x20: [mem 0xa1210000-0xa1213fff 64bit]
[    0.219331] pci 0000:02:00.0: supports D1 D2
[    0.219333] pci 0000:02:00.0: PME# supported from D0 D1 D2 D3hot D3cold
[    0.219502] pci 0000:00:13.2: PCI bridge to [bus 02]
[    0.219506] pci 0000:00:13.2:   bridge window [io  0xe000-0xefff]
[    0.219510] pci 0000:00:13.2:   bridge window [mem 0xa1200000-0xa12fffff]
[    0.219590] pci 0000:03:00.0: [10ec:8125] type 00 class 0x020000
[    0.219607] pci 0000:03:00.0: reg 0x10: [io  0xd000-0xd0ff]
[    0.219626] pci 0000:03:00.0: reg 0x18: [mem 0xa1100000-0xa110ffff 64bit]
[    0.219640] pci 0000:03:00.0: reg 0x20: [mem 0xa1110000-0xa1113fff 64bit]
[    0.219739] pci 0000:03:00.0: supports D1 D2
[    0.219741] pci 0000:03:00.0: PME# supported from D0 D1 D2 D3hot D3cold
[    0.219899] pci 0000:00:13.3: PCI bridge to [bus 03]
[    0.219904] pci 0000:00:13.3:   bridge window [io  0xd000-0xdfff]
[    0.219907] pci 0000:00:13.3:   bridge window [mem 0xa1100000-0xa11fffff]
[    0.219960] pci 0000:00:14.0: PCI bridge to [bus 04]
[    0.220012] pci 0000:00:14.1: PCI bridge to [bus 05]
[    0.222501] ACPI: PCI: Interrupt link LNKA configured for IRQ 3
[    0.222633] ACPI: PCI: Interrupt link LNKB configured for IRQ 4
[    0.222763] ACPI: PCI: Interrupt link LNKC configured for IRQ 5
[    0.222928] ACPI: PCI: Interrupt link LNKD configured for IRQ 11
[    0.223059] ACPI: PCI: Interrupt link LNKE configured for IRQ 7
[    0.223188] ACPI: PCI: Interrupt link LNKF configured for IRQ 9
[    0.223318] ACPI: PCI: Interrupt link LNKG configured for IRQ 10
[    0.223447] ACPI: PCI: Interrupt link LNKH configured for IRQ 11
[    0.229527] iommu: Default domain type: Translated 
[    0.229546] pci 0000:00:02.0: vgaarb: setting as boot VGA device
[    0.229546] pci 0000:00:02.0: vgaarb: VGA device added: decodes=io+mem,owns=io+mem,locks=none
[    0.229546] pci 0000:00:02.0: vgaarb: bridge control possible
[    0.229546] vgaarb: loaded
[    0.229702] SCSI subsystem initialized
[    0.229712] libata version 3.00 loaded.
[    0.229712] ACPI: bus type USB registered
[    0.229712] usbcore: registered new interface driver usbfs
[    0.229712] usbcore: registered new interface driver hub
[    0.229712] usbcore: registered new device driver usb
[    0.229712] pps_core: LinuxPPS API ver. 1 registered
[    0.229712] pps_core: Software ver. 5.3.6 - Copyright 2005-2007 Rodolfo Giometti <giometti@linux.it>
[    0.229712] PTP clock support registered
[    0.229712] EDAC MC: Ver: 3.0.0
[    0.229712] Registered efivars operations
[    0.229712] NetLabel: Initializing
[    0.229712] NetLabel:  domain hash size = 128
[    0.229712] NetLabel:  protocols = UNLABELED CIPSOv4 CALIPSO
[    0.229712] NetLabel:  unlabeled traffic allowed by default
[    0.229712] PCI: Using ACPI for IRQ routing
[    0.258500] PCI: pci_cache_line_size set to 64 bytes
[    0.258576] e820: reserve RAM buffer [mem 0x0003e000-0x0003ffff]
[    0.258618] e820: reserve RAM buffer [mem 0x0009f000-0x0009ffff]
[    0.258621] e820: reserve RAM buffer [mem 0x760b3000-0x77ffffff]
[    0.258624] e820: reserve RAM buffer [mem 0x76e6a000-0x77ffffff]
[    0.258626] e820: reserve RAM buffer [mem 0x797ea000-0x7bffffff]
[    0.258627] e820: reserve RAM buffer [mem 0x7a6e5000-0x7bffffff]
[    0.258629] e820: reserve RAM buffer [mem 0x7ac00000-0x7bffffff]
[    0.258637] hpet0: at MMIO 0xfed00000, IRQs 2, 8, 0, 0, 0, 0, 0, 0
[    0.258637] hpet0: 8 comparators, 64-bit 19.200000 MHz counter
[    0.260548] clocksource: Switched to clocksource tsc-early
[    0.271443] VFS: Disk quotas dquot_6.6.0
[    0.271465] VFS: Dquot-cache hash table entries: 512 (order 0, 4096 bytes)
[    0.271591] pnp: PnP ACPI init
[    0.272191] system 00:00: [io  0x0a00-0x0a0f] has been reserved
[    0.272196] system 00:00: [io  0x0a10-0x0a2f] has been reserved
[    0.272199] system 00:00: [io  0x0a30-0x0a4f] has been reserved
[    0.272201] system 00:00: [io  0x0a50-0x0a6f] has been reserved
[    0.272203] system 00:00: [io  0x0a70-0x0a7f] has been reserved
[    0.272205] system 00:00: [io  0x0a80-0x0a8f] has been reserved
[    0.272715] pnp 00:01: [dma 0 disabled]
[    0.273261] pnp 00:02: [dma 0 disabled]
[    0.273752] pnp 00:03: [dma 0 disabled]
[    0.273843] system 00:04: [io  0x0680-0x069f] has been reserved
[    0.273847] system 00:04: [io  0x0400-0x047f] could not be reserved
[    0.273849] system 00:04: [io  0x0500-0x05fe] has been reserved
[    0.273852] system 00:04: [io  0x0600-0x061f] has been reserved
[    0.273854] system 00:04: [io  0x164e-0x164f] has been reserved
[    0.274484] system 00:05: [mem 0xe0000000-0xefffffff] has been reserved
[    0.274489] system 00:05: [mem 0xfea00000-0xfeafffff] has been reserved
[    0.274493] system 00:05: [mem 0xfed01000-0xfed01fff] has been reserved
[    0.274496] system 00:05: [mem 0xfed03000-0xfed03fff] has been reserved
[    0.274499] system 00:05: [mem 0xfed06000-0xfed06fff] has been reserved
[    0.274502] system 00:05: [mem 0xfed08000-0xfed09fff] has been reserved
[    0.274506] system 00:05: [mem 0xfed80000-0xfedbffff] has been reserved
[    0.274509] system 00:05: [mem 0xfed1c000-0xfed1cfff] has been reserved
[    0.274511] system 00:05: [mem 0xfee00000-0xfeefffff] could not be reserved
[    0.275075] pnp: PnP ACPI: found 7 devices
[    0.281700] clocksource: acpi_pm: mask: 0xffffff max_cycles: 0xffffff, max_idle_ns: 2085701024 ns
[    0.281783] NET: Registered PF_INET protocol family
[    0.281956] IP idents hash table entries: 131072 (order: 8, 1048576 bytes, linear)
[    0.283716] tcp_listen_portaddr_hash hash table entries: 4096 (order: 4, 65536 bytes, linear)
[    0.283802] TCP established hash table entries: 65536 (order: 7, 524288 bytes, linear)
[    0.284066] TCP bind hash table entries: 65536 (order: 8, 1048576 bytes, linear)
[    0.284221] TCP: Hash tables configured (established 65536 bind 65536)
[    0.284324] MPTCP token hash table entries: 8192 (order: 5, 196608 bytes, linear)
[    0.284376] UDP hash table entries: 4096 (order: 5, 131072 bytes, linear)
[    0.284414] UDP-Lite hash table entries: 4096 (order: 5, 131072 bytes, linear)
[    0.284479] NET: Registered PF_UNIX/PF_LOCAL protocol family
[    0.284487] NET: Registered PF_XDP protocol family
[    0.284509] pci 0000:00:13.0: PCI bridge to [bus 01]
[    0.284520] pci 0000:00:13.0:   bridge window [mem 0xa1300000-0xa13fffff]
[    0.284528] pci 0000:00:13.2: PCI bridge to [bus 02]
[    0.284532] pci 0000:00:13.2:   bridge window [io  0xe000-0xefff]
[    0.284537] pci 0000:00:13.2:   bridge window [mem 0xa1200000-0xa12fffff]
[    0.284544] pci 0000:00:13.3: PCI bridge to [bus 03]
[    0.284547] pci 0000:00:13.3:   bridge window [io  0xd000-0xdfff]
[    0.284551] pci 0000:00:13.3:   bridge window [mem 0xa1100000-0xa11fffff]
[    0.284558] pci 0000:00:14.0: PCI bridge to [bus 04]
[    0.284565] pci 0000:00:14.1: PCI bridge to [bus 05]
[    0.284574] pci_bus 0000:00: resource 4 [io  0x0070-0x0077]
[    0.284576] pci_bus 0000:00: resource 5 [io  0x0000-0x006f window]
[    0.284579] pci_bus 0000:00: resource 6 [io  0x0078-0x0cf7 window]
[    0.284582] pci_bus 0000:00: resource 7 [io  0x0d00-0xffff window]
[    0.284584] pci_bus 0000:00: resource 8 [mem 0x000a0000-0x000bffff window]
[    0.284587] pci_bus 0000:00: resource 9 [mem 0x000c0000-0x000dffff window]
[    0.284589] pci_bus 0000:00: resource 10 [mem 0x000e0000-0x000fffff window]
[    0.284592] pci_bus 0000:00: resource 11 [mem 0x7c000001-0x7fffffff window]
[    0.284594] pci_bus 0000:00: resource 12 [mem 0x80000000-0xbfffffff window]
[    0.284596] pci_bus 0000:00: resource 13 [mem 0xe0000000-0xefffffff window]
[    0.284599] pci_bus 0000:00: resource 14 [mem 0xfea00000-0xfeafffff window]
[    0.284601] pci_bus 0000:00: resource 15 [mem 0xfed00000-0xfed003ff window]
[    0.284603] pci_bus 0000:00: resource 16 [mem 0xfed01000-0xfed01fff window]
[    0.284605] pci_bus 0000:00: resource 17 [mem 0xfed03000-0xfed03fff window]
[    0.284608] pci_bus 0000:00: resource 18 [mem 0xfed06000-0xfed06fff window]
[    0.284610] pci_bus 0000:00: resource 19 [mem 0xfed08000-0xfed09fff window]
[    0.284612] pci_bus 0000:00: resource 20 [mem 0xfed80000-0xfedbffff window]
[    0.284614] pci_bus 0000:00: resource 21 [mem 0xfed1c000-0xfed1cfff window]
[    0.284617] pci_bus 0000:00: resource 22 [mem 0xfee00000-0xfeefffff window]
[    0.284619] pci_bus 0000:01: resource 1 [mem 0xa1300000-0xa13fffff]
[    0.284622] pci_bus 0000:02: resource 0 [io  0xe000-0xefff]
[    0.284624] pci_bus 0000:02: resource 1 [mem 0xa1200000-0xa12fffff]
[    0.284627] pci_bus 0000:03: resource 0 [io  0xd000-0xdfff]
[    0.284628] pci_bus 0000:03: resource 1 [mem 0xa1100000-0xa11fffff]
[    0.284807] pci 0000:00:02.0: Video device with shadowed ROM at [mem 0x000c0000-0x000dffff]
[    0.285232] PCI: CLS 64 bytes, default 64
[    0.285288] PCI-DMA: Using software bounce buffering for IO (SWIOTLB)
[    0.285290] software IO TLB: mapped [mem 0x000000006ff56000-0x0000000073f56000] (64MB)
[    0.285327] Trying to unpack rootfs image as initramfs...
[    0.285407] clocksource: tsc: mask: 0xffffffffffffffff max_cycles: 0x3990bec8342, max_idle_ns: 881590769617 ns
[    0.285784] clocksource: Switched to clocksource tsc
[    0.286832] Initialise system trusted keyrings
[    0.286852] Key type blacklist registered
[    0.286906] workingset: timestamp_bits=41 max_order=21 bucket_order=0
[    0.288432] zbud: loaded
[    0.298604] Key type asymmetric registered
[    0.298609] Asymmetric key parser 'x509' registered
[    0.298634] Block layer SCSI generic (bsg) driver version 0.4 loaded (major 243)
[    0.298702] io scheduler mq-deadline registered
[    0.298704] io scheduler kyber registered
[    0.298762] io scheduler bfq registered
[    0.300183] shpchp: Standard Hot Plug PCI Controller Driver version: 0.4
[    0.300668] input: Power Button as /devices/LNXSYSTM:00/LNXSYBUS:00/PNP0C0C:00/input/input0
[    0.300702] ACPI: button: Power Button [PWRB]
[    0.300746] input: Power Button as /devices/LNXSYSTM:00/LNXPWRBN:00/input/input1
[    0.300791] ACPI: button: Power Button [PWRF]
[    0.304020] thermal LNXTHERM:00: registered as thermal_zone0
[    0.304026] ACPI: thermal: Thermal Zone [TZ01] (31 C)
[    0.304269] Serial: 8250/16550 driver, 32 ports, IRQ sharing enabled
[    0.304651] 00:01: ttyS0 at I/O 0x3f8 (irq = 4, base_baud = 115200) is a 16550A
[    0.305745] 00:02: ttyS1 at I/O 0x2f8 (irq = 3, base_baud = 115200) is a 16550A
[    0.308599] Non-volatile memory driver v1.3
[    0.308604] AMD-Vi: AMD IOMMUv2 driver by Joerg Roedel <jroedel@suse.de>
[    0.308605] AMD-Vi: AMD IOMMUv2 functionality not available on this system
[    0.309470] ahci 0000:00:12.0: version 3.0
[    0.319838] ahci 0000:00:12.0: AHCI 0001.0301 32 slots 2 ports 6 Gbps 0x3 impl SATA mode
[    0.319848] ahci 0000:00:12.0: flags: 64bit ncq sntf clo only pmp pio slum part deso sadm sds apst 
[    0.320445] scsi host0: ahci
[    0.320840] scsi host1: ahci
[    0.320902] ata1: SATA max UDMA/133 abar m2048@0xa1419000 port 0xa1419100 irq 127
[    0.320908] ata2: SATA max UDMA/133 abar m2048@0xa1419000 port 0xa1419180 irq 127
[    0.321186] ahci 0000:01:00.0: SSS flag set, parallel bus scan disabled
[    0.321258] ahci 0000:01:00.0: AHCI 0001.0301 32 slots 12 ports 6 Gbps 0xff3 impl SATA mode
[    0.321262] ahci 0000:01:00.0: flags: 64bit ncq sntf stag led clo only pio sxs 
[    0.322514] scsi host2: ahci
[    0.322749] scsi host3: ahci
[    0.322907] scsi host4: ahci
[    0.323043] scsi host5: ahci
[    0.323183] scsi host6: ahci
[    0.323320] scsi host7: ahci
[    0.323466] scsi host8: ahci
[    0.323600] scsi host9: ahci
[    0.323732] scsi host10: ahci
[    0.323909] scsi host11: ahci
[    0.324079] scsi host12: ahci
[    0.324242] scsi host13: ahci
[    0.324286] ata3: SATA max UDMA/133 abar m8192@0xa1380000 port 0xa1380100 irq 128
[    0.324291] ata4: SATA max UDMA/133 abar m8192@0xa1380000 port 0xa1380180 irq 128
[    0.324293] ata5: DUMMY
[    0.324294] ata6: DUMMY
[    0.324297] ata7: SATA max UDMA/133 abar m8192@0xa1380000 port 0xa1380300 irq 128
[    0.324300] ata8: SATA max UDMA/133 abar m8192@0xa1380000 port 0xa1380380 irq 128
[    0.324304] ata9: SATA max UDMA/133 abar m8192@0xa1380000 port 0xa1380400 irq 128
[    0.324307] ata10: SATA max UDMA/133 abar m8192@0xa1380000 port 0xa1380480 irq 128
[    0.324310] ata11: SATA max UDMA/133 abar m8192@0xa1380000 port 0xa1380500 irq 128
[    0.324314] ata12: SATA max UDMA/133 abar m8192@0xa1380000 port 0xa1380580 irq 128
[    0.324317] ata13: SATA max UDMA/133 abar m8192@0xa1380000 port 0xa1380600 irq 128
[    0.324320] ata14: SATA max UDMA/133 abar m8192@0xa1380000 port 0xa1380680 irq 128
[    0.324385] ehci_hcd: USB 2.0 'Enhanced' Host Controller (EHCI) Driver
[    0.324407] ehci-pci: EHCI PCI platform driver
[    0.324432] ohci_hcd: USB 1.1 'Open' Host Controller (OHCI) Driver
[    0.324435] ohci-pci: OHCI PCI platform driver
[    0.324445] uhci_hcd: USB Universal Host Controller Interface driver
[    0.324507] usbcore: registered new interface driver usbserial_generic
[    0.324515] usbserial: USB Serial support registered for generic
[    0.324660] rtc_cmos 00:06: RTC can wake from S4
[    0.325390] rtc_cmos 00:06: registered as rtc0
[    0.325547] rtc_cmos 00:06: setting system clock to 2021-11-08T19:59:48 UTC (1636401588)
[    0.325570] rtc_cmos 00:06: alarms up to one month, y3k, 242 bytes nvram, hpet irqs
[    0.325711] intel_pstate: Intel P-state driver initializing
[    0.325996] ledtrig-cpu: registered to indicate activity on CPUs
[    0.326332] hid: raw HID events driver (C) Jiri Kosina
[    0.326546] drop_monitor: Initializing network drop monitor service
[    0.326622] Initializing XFRM netlink socket
[    0.326737] NET: Registered PF_INET6 protocol family
[    0.450678] Freeing initrd memory: 17664K
[    0.457581] Segment Routing with IPv6
[    0.457587] RPL Segment Routing with IPv6
[    0.457644] NET: Registered PF_PACKET protocol family
[    0.458617] microcode: sig=0x706a8, pf=0x1, revision=0x16
[    0.458698] microcode: Microcode Update Driver: v2.2.
[    0.458932] resctrl: L2 allocation detected
[    0.458934] resctrl: L2DATA allocation detected
[    0.458935] resctrl: L2CODE allocation detected
[    0.458941] IPI shorthand broadcast: enabled
[    0.458974] sched_clock: Marking stable (454916221, 4001427)->(464008297, -5090649)
[    0.459266] registered taskstats version 1
[    0.459619] Loading compiled-in X.509 certificates
[    0.463445] Loaded X.509 cert 'Build time autogenerated kernel key: 4bf053f8e5c4b77ad32d170608834d80a907d8c3'
[    0.463858] zswap: loaded using pool lz4/z3fold
[    0.464221] Key type ._fscrypt registered
[    0.464223] Key type .fscrypt registered
[    0.464224] Key type fscrypt-provisioning registered
[    0.464653] PM:   Magic number: 13:91:1001
[    0.464719] pnp 00:03: hash matches
[    0.464774] memory memory40: hash matches
[    0.464939] RAS: Correctable Errors collector initialized.
[    0.637704] ata3: SATA link up 6.0 Gbps (SStatus 133 SControl 300)
[    0.638247] ata3.00: ATA-10: WDC WD40EJRX-89AKWY0, 80.00A80, max UDMA/133
[    0.638261] ata3.00: 7814037168 sectors, multi 16: LBA48 NCQ (depth 32), AA
[    0.638893] ata3.00: configured for UDMA/133
[    0.796287] ata1: SATA link up 6.0 Gbps (SStatus 133 SControl 300)
[    0.796331] ata2: SATA link up 6.0 Gbps (SStatus 133 SControl 300)
[    0.797024] ata2.00: ATA-10: WDC WD40EJRX-89AKWY0, 80.00A80, max UDMA/133
[    0.797041] ata2.00: 7814037168 sectors, multi 16: LBA48 NCQ (depth 32), AA
[    0.797065] ata1.00: ATA-9: CT120BX300SSD1, M2CR010, max UDMA/133
[    0.797076] ata1.00: 234441648 sectors, multi 2: LBA48 NCQ (depth 32), AA
[    0.797617] ata2.00: configured for UDMA/133
[    0.797881] ata1.00: configured for UDMA/133
[    0.798303] scsi 0:0:0:0: Direct-Access     ATA      CT120BX300SSD1   010  PQ: 0 ANSI: 5
[    0.798948] sd 0:0:0:0: [sda] 234441648 512-byte logical blocks: (120 GB/112 GiB)
[    0.798954] sd 0:0:0:0: [sda] 4096-byte physical blocks
[    0.798972] sd 0:0:0:0: [sda] Write Protect is off
[    0.798976] sd 0:0:0:0: [sda] Mode Sense: 00 3a 00 00
[    0.799005] sd 0:0:0:0: [sda] Write cache: enabled, read cache: enabled, doesn't support DPO or FUA
[    0.799023] scsi 1:0:0:0: Direct-Access     ATA      WDC WD40EJRX-89A 0A80 PQ: 0 ANSI: 5
[    0.799329] sd 1:0:0:0: [sdb] 7814037168 512-byte logical blocks: (4.00 TB/3.64 TiB)
[    0.799333] sd 1:0:0:0: [sdb] 4096-byte physical blocks
[    0.799351] sd 1:0:0:0: [sdb] Write Protect is off
[    0.799355] sd 1:0:0:0: [sdb] Mode Sense: 00 3a 00 00
[    0.799383] sd 1:0:0:0: [sdb] Write cache: enabled, read cache: enabled, doesn't support DPO or FUA
[    0.799509] scsi 2:0:0:0: Direct-Access     ATA      WDC WD40EJRX-89A 0A80 PQ: 0 ANSI: 5
[    0.799702] sd 2:0:0:0: [sdc] 7814037168 512-byte logical blocks: (4.00 TB/3.64 TiB)
[    0.799705] sd 2:0:0:0: [sdc] 4096-byte physical blocks
[    0.799716] sd 2:0:0:0: [sdc] Write Protect is off
[    0.799719] sd 2:0:0:0: [sdc] Mode Sense: 00 3a 00 00
[    0.799737] sd 2:0:0:0: [sdc] Write cache: enabled, read cache: enabled, doesn't support DPO or FUA
[    0.799805]  sda: sda1 sda2
[    0.813007] sd 0:0:0:0: [sda] Attached SCSI disk
[    0.829669] sd 1:0:0:0: [sdb] Attached SCSI disk
[    0.856332] sd 2:0:0:0: [sdc] Attached SCSI disk
[    1.114097] ata4: SATA link down (SStatus 0 SControl 300)
[    1.422830] ata7: SATA link down (SStatus 0 SControl 300)
[    1.737938] ata8: SATA link down (SStatus 0 SControl 300)
[    2.051298] ata9: SATA link down (SStatus 0 SControl 300)
[    2.364507] ata10: SATA link down (SStatus 0 SControl 300)
[    2.677883] ata11: SATA link down (SStatus 0 SControl 300)
[    2.991178] ata12: SATA link down (SStatus 0 SControl 300)
[    3.304556] ata13: SATA link down (SStatus 0 SControl 300)
[    3.617916] ata14: SATA link down (SStatus 0 SControl 300)
[    3.621320] Freeing unused decrypted memory: 2036K
[    3.622282] Freeing unused kernel image (initmem) memory: 1804K
[    3.622292] Write protecting the kernel read-only data: 26624k
[    3.624153] Freeing unused kernel image (text/rodata gap) memory: 2036K
[    3.624815] Freeing unused kernel image (rodata/data gap) memory: 884K
[    3.680123] x86/mm: Checked W+X mappings: passed, no W+X pages found.
[    3.680133] rodata_test: all tests were successful
[    3.680145] Run /init as init process
[    3.680149]   with arguments:
[    3.680152]     /init
[    3.680155]     noibrs
[    3.680157]     noibpb
[    3.680159]     nopti
[    3.680161]     nospectre_v2
[    3.680163]     nospec_store_bypass_disable
[    3.680166]     no_stf_barrier
[    3.680168]   with environment:
[    3.680170]     HOME=/
[    3.680172]     TERM=linux
[    3.680174]     BOOT_IMAGE=/vmlinuz-linux
[    3.866067] xhci_hcd 0000:00:15.0: xHCI Host Controller
[    3.866079] xhci_hcd 0000:00:15.0: new USB bus registered, assigned bus number 1
[    3.866626] random: lvm: uninitialized urandom read (4 bytes read)
[    3.867187] xhci_hcd 0000:00:15.0: hcc params 0x200077c1 hci version 0x100 quirks 0x0000000000009810
[    3.867522] xhci_hcd 0000:00:15.0: xHCI Host Controller
[    3.867530] xhci_hcd 0000:00:15.0: new USB bus registered, assigned bus number 2
[    3.867536] xhci_hcd 0000:00:15.0: Host supports USB 3.0 SuperSpeed
[    3.867616] usb usb1: New USB device found, idVendor=1d6b, idProduct=0002, bcdDevice= 5.14
[    3.867620] usb usb1: New USB device strings: Mfr=3, Product=2, SerialNumber=1
[    3.867623] usb usb1: Product: xHCI Host Controller
[    3.867624] usb usb1: Manufacturer: Linux 5.14.16-arch1-1 xhci-hcd
[    3.867626] usb usb1: SerialNumber: 0000:00:15.0
[    3.867803] hub 1-0:1.0: USB hub found
[    3.867821] hub 1-0:1.0: 9 ports detected
[    3.869963] usb usb2: New USB device found, idVendor=1d6b, idProduct=0003, bcdDevice= 5.14
[    3.869967] usb usb2: New USB device strings: Mfr=3, Product=2, SerialNumber=1
[    3.869970] usb usb2: Product: xHCI Host Controller
[    3.869972] usb usb2: Manufacturer: Linux 5.14.16-arch1-1 xhci-hcd
[    3.869973] usb usb2: SerialNumber: 0000:00:15.0
[    3.870125] hub 2-0:1.0: USB hub found
[    3.870143] hub 2-0:1.0: 7 ports detected
[    3.896249] device-mapper: uevent: version 1.0.3
[    3.896346] device-mapper: ioctl: 4.45.0-ioctl (2021-03-22) initialised: dm-devel@redhat.com
[    3.897337] random: lvm: uninitialized urandom read (2 bytes read)
[    4.085232] random: fast init done
[    4.217563] SGI XFS with ACLs, security attributes, realtime, scrub, repair, quota, no debug enabled
[    4.220480] XFS (dm-0): Mounting V5 Filesystem
[    4.260598] XFS (dm-0): Ending clean mount
[    4.270730] xfs filesystem being mounted at /new_root supports timestamps until 2038 (0x7fffffff)
[    4.476630] systemd[1]: systemd 249.5-3-arch running in system mode (+PAM +AUDIT -SELINUX -APPARMOR -IMA +SMACK +SECCOMP +GCRYPT +GNUTLS +OPENSSL +ACL +BLKID +CURL +ELFUTILS +FIDO2 +IDN2 -IDN +IPTC +KMOD +LIBCRYPTSETUP +LIBFDISK +PCRE2 -PWQUALITY +P11KIT -QRENCODE +BZIP2 +LZ4 +XZ +ZLIB +ZSTD +XKBCOMMON +UTMP -SYSVINIT default-hierarchy=unified)
[    4.493076] systemd[1]: Detected architecture x86-64.
[    4.496278] systemd[1]: Hostname set to <nas>.
[    4.584656] random: lvmconfig: uninitialized urandom read (4 bytes read)
[    4.702219] systemd[1]: Configuration file /usr/lib/systemd/system/transmission-rss.service is marked executable. Please remove executable permission bits. Proceeding anyway.
[    4.738795] systemd[1]: Queued start job for default target Graphical Interface.
[    4.740290] systemd[1]: Created slice Slice /system/getty.
[    4.740724] systemd[1]: Created slice Slice /system/modprobe.
[    4.741111] systemd[1]: Created slice Slice /system/systemd-fsck.
[    4.741409] systemd[1]: Created slice User and Session Slice.
[    4.741519] systemd[1]: Started Dispatch Password Requests to Console Directory Watch.
[    4.741634] systemd[1]: Started Forward Password Requests to Wall Directory Watch.
[    4.741863] systemd[1]: Set up automount Arbitrary Executable File Formats File System Automount Point.
[    4.741944] systemd[1]: Reached target Local Encrypted Volumes.
[    4.742025] systemd[1]: Reached target Host and Network Name Lookups.
[    4.742074] systemd[1]: Reached target Path Units.
[    4.742128] systemd[1]: Reached target Remote File Systems.
[    4.742189] systemd[1]: Reached target Slice Units.
[    4.742253] systemd[1]: Reached target Swaps.
[    4.742307] systemd[1]: Reached target System Time Set.
[    4.742366] systemd[1]: Reached target Local Verity Integrity Protected Volumes.
[    4.742487] systemd[1]: Listening on Device-mapper event daemon FIFOs.
[    4.742638] systemd[1]: Listening on LVM2 poll daemon socket.
[    4.746535] systemd[1]: Listening on RPCbind Server Activation Socket.
[    4.746665] systemd[1]: Reached target RPC Port Mapper.
[    4.748492] systemd[1]: Listening on Process Core Dump Socket.
[    4.748972] systemd[1]: Listening on Journal Audit Socket.
[    4.749134] systemd[1]: Listening on Journal Socket (/dev/log).
[    4.749325] systemd[1]: Listening on Journal Socket.
[    4.750004] systemd[1]: Listening on Network Service Netlink Socket.
[    4.751326] systemd[1]: Listening on udev Control Socket.
[    4.751612] systemd[1]: Listening on udev Kernel Socket.
[    4.752850] systemd[1]: Mounting Huge Pages File System...
[    4.753747] systemd[1]: Mounting POSIX Message Queue File System...
[    4.754603] systemd[1]: Mounting NFSD configuration filesystem...
[    4.755723] systemd[1]: Mounting Kernel Debug File System...
[    4.756761] systemd[1]: Mounting Kernel Trace File System...
[    4.757941] systemd[1]: Mounting Temporary Directory /tmp...
[    4.758108] systemd[1]: Condition check resulted in Kernel Module supporting RPCSEC_GSS being skipped.
[    4.759778] systemd[1]: Starting Create List of Static Device Nodes...
[    4.760831] systemd[1]: Starting Monitoring of LVM2 mirrors, snapshots etc. using dmeventd or progress polling...
[    4.762077] systemd[1]: Starting Load Kernel Module configfs...
[    4.763443] systemd[1]: Starting Load Kernel Module drm...
[    4.764894] systemd[1]: Starting Load Kernel Module fuse...
[    4.766618] systemd[1]: Starting Set Up Additional Binary Formats...
[    4.766874] systemd[1]: Condition check resulted in File System Check on Root Device being skipped.
[    4.768832] systemd[1]: Starting Journal Service...
[    4.779584] fuse: init (API version 7.34)
[    4.780570] systemd[1]: Starting Load Kernel Modules...
[    4.781717] systemd[1]: Starting Remount Root and Kernel File Systems...
[    4.781868] systemd[1]: Condition check resulted in Repartition Root Disk being skipped.
[    4.783218] systemd[1]: Starting Coldplug All udev Devices...
[    4.786819] systemd[1]: Mounted Huge Pages File System.
[    4.787062] systemd[1]: Mounted POSIX Message Queue File System.
[    4.787209] systemd[1]: Mounted Kernel Debug File System.
[    4.787357] systemd[1]: Mounted Kernel Trace File System.
[    4.787497] systemd[1]: Mounted Temporary Directory /tmp.
[    4.787908] systemd[1]: Finished Create List of Static Device Nodes.
[    4.788305] systemd[1]: modprobe@configfs.service: Deactivated successfully.
[    4.788601] systemd[1]: Finished Load Kernel Module configfs.
[    4.791079] audit: type=1130 audit(1636401592.963:2): pid=1 uid=0 auid=4294967295 ses=4294967295 msg='unit=modprobe@configfs comm="systemd" exe="/usr/lib/systemd/systemd" hostname=? addr=? terminal=? res=success'
[    4.791092] audit: type=1131 audit(1636401592.963:3): pid=1 uid=0 auid=4294967295 ses=4294967295 msg='unit=modprobe@configfs comm="systemd" exe="/usr/lib/systemd/systemd" hostname=? addr=? terminal=? res=success'
[    4.791571] systemd[1]: modprobe@fuse.service: Deactivated successfully.
[    4.791875] systemd[1]: Finished Load Kernel Module fuse.
[    4.792231] systemd[1]: proc-sys-fs-binfmt_misc.automount: Got automount request for /proc/sys/fs/binfmt_misc, triggered by 260 (systemd-binfmt)
[    4.793486] systemd[1]: Mounting Arbitrary Executable File Formats File System...
[    4.794764] systemd[1]: Mounting FUSE Control File System...
[    4.795891] systemd[1]: Mounting Kernel Configuration File System...
[    4.796060] audit: type=1130 audit(1636401592.963:4): pid=1 uid=0 auid=4294967295 ses=4294967295 msg='unit=modprobe@fuse comm="systemd" exe="/usr/lib/systemd/systemd" hostname=? addr=? terminal=? res=success'
[    4.796066] audit: type=1131 audit(1636401592.963:5): pid=1 uid=0 auid=4294967295 ses=4294967295 msg='unit=modprobe@fuse comm="systemd" exe="/usr/lib/systemd/systemd" hostname=? addr=? terminal=? res=success'
[    4.800295] xfs filesystem being remounted at / supports timestamps until 2038 (0x7fffffff)
[    4.801966] systemd[1]: Mounted Arbitrary Executable File Formats File System.
[    4.802227] systemd[1]: Mounted Kernel Configuration File System.
[    4.802717] systemd[1]: Finished Remount Root and Kernel File Systems.
[    4.802832] audit: type=1130 audit(1636401592.976:6): pid=1 uid=0 auid=4294967295 ses=4294967295 msg='unit=systemd-remount-fs comm="systemd" exe="/usr/lib/systemd/systemd" hostname=? addr=? terminal=? res=success'
[    4.802993] systemd[1]: Condition check resulted in First Boot Wizard being skipped.
[    4.803784] systemd[1]: Condition check resulted in Rebuild Hardware Database being skipped.
[    4.804879] systemd[1]: Starting Load/Save Random Seed...
[    4.805046] systemd[1]: Condition check resulted in Create System Users being skipped.
[    4.806094] systemd[1]: Starting Create Static Device Nodes in /dev...
[    4.806930] systemd[1]: Finished Set Up Additional Binary Formats.
[    4.807101] audit: type=1130 audit(1636401592.980:7): pid=1 uid=0 auid=4294967295 ses=4294967295 msg='unit=systemd-binfmt comm="systemd" exe="/usr/lib/systemd/systemd" hostname=? addr=? terminal=? res=success'
[    4.807672] RPC: Registered named UNIX socket transport module.
[    4.807675] RPC: Registered udp transport module.
[    4.807677] RPC: Registered tcp transport module.
[    4.807677] RPC: Registered tcp NFSv4.1 backchannel transport module.
[    4.814433] systemd[1]: modprobe@drm.service: Deactivated successfully.
[    4.814703] systemd[1]: Finished Load Kernel Module drm.
[    4.814858] audit: type=1130 audit(1636401592.986:8): pid=1 uid=0 auid=4294967295 ses=4294967295 msg='unit=modprobe@drm comm="systemd" exe="/usr/lib/systemd/systemd" hostname=? addr=? terminal=? res=success'
[    4.814864] audit: type=1131 audit(1636401592.986:9): pid=1 uid=0 auid=4294967295 ses=4294967295 msg='unit=modprobe@drm comm="systemd" exe="/usr/lib/systemd/systemd" hostname=? addr=? terminal=? res=success'
[    4.815204] systemd[1]: Finished Load Kernel Modules.
[    4.815268] audit: type=1130 audit(1636401592.986:10): pid=1 uid=0 auid=4294967295 ses=4294967295 msg='unit=systemd-modules-load comm="systemd" exe="/usr/lib/systemd/systemd" hostname=? addr=? terminal=? res=success'
[    4.816868] systemd[1]: Starting Apply Kernel Variables...
[    4.819000] systemd[1]: Mounted FUSE Control File System.
[    4.825638] systemd[1]: Finished Monitoring of LVM2 mirrors, snapshots etc. using dmeventd or progress polling.
[    4.843982] systemd[1]: Started Journal Service.
[    4.854431] systemd-journald[261]: Received client request to flush runtime journal.
[    4.866392] Installing knfsd (copyright (C) 1996 okir@monad.swb.de).
[    5.020174] ACPI Warning: SystemMemory range 0x00000000FED17080-0x00000000FED17083 conflicts with OpRegion 0x00000000FED17000-0x00000000FED170FF (\_TZ.MBAR) (20210604/utaddress-204)
[    5.020187] ACPI: OSL: Resource conflict; ACPI support missing from driver?
[    5.020192] intel_pmc_bxt INT34D2:00: Failed to create PMC devices
[    5.030863] intel_pmc_bxt: probe of INT34D2:00 failed with error -16
[    5.082811] Registered IR keymap rc-rc6-mce
[    5.104805] IR RC6 protocol handler initialized
[    5.122679] i801_smbus 0000:00:1f.1: SPD Write Disable is set
[    5.122732] i801_smbus 0000:00:1f.1: SMBus using PCI interrupt
[    5.122806] i2c i2c-0: 2/2 memory slots populated (from DMI)
[    5.126936] i2c i2c-0: Successfully instantiated SPD at 0x50
[    5.129515] rc rc0: ITE8708 CIR transceiver as /devices/pnp0/00:03/rc/rc0
[    5.129567] rc rc0: lirc_dev: driver ite-cir registered at minor = 0, raw IR receiver, raw IR transmitter
[    5.129612] input: ITE8708 CIR transceiver as /devices/pnp0/00:03/rc/rc0/input2
[    5.169681] input: PC Speaker as /devices/platform/pcspkr/input/input3
[    5.190156] sdhci: Secure Digital Host Controller Interface driver
[    5.190163] sdhci: Copyright(c) Pierre Ossman
[    5.190835] Linux agpgart interface v0.103
[    5.202139] urandom_read: 1 callbacks suppressed
[    5.202144] random: lvm: uninitialized urandom read (4 bytes read)
[    5.210366] raid6: skip pq benchmark and using algorithm sse2x4
[    5.210372] raid6: using ssse3x2 recovery algorithm
[    5.231697] sdhci-pci 0000:00:1c.0: SDHCI controller found [8086:31cc] (rev 6)
[    5.232150] mmc0: CQHCI version 5.10
[    5.236161] mmc0: SDHCI controller on PCI [0000:00:1c.0] using ADMA 64-bit
[    5.247108] r8169 0000:02:00.0: can't disable ASPM; OS doesn't have ASPM control
[    5.247123] r8169 0000:02:00.0: enabling device (0000 -> 0003)
[    5.248012] xor: measuring software checksum speed
[    5.248719]    prefetch64-sse  : 14407 MB/sec
[    5.249574]    generic_sse     : 12175 MB/sec
[    5.249577] xor: using function: prefetch64-sse (14407 MB/sec)
[    5.249830] RAPL PMU: API unit is 2^-32 Joules, 4 fixed counters, 655360 ms ovfl timer
[    5.249833] RAPL PMU: hw unit of domain pp0-core 2^-14 Joules
[    5.249834] RAPL PMU: hw unit of domain package 2^-14 Joules
[    5.249835] RAPL PMU: hw unit of domain dram 2^-14 Joules
[    5.249836] RAPL PMU: hw unit of domain pp1-gpu 2^-14 Joules
[    5.269896] ee1004 0-0050: 512 byte EE1004-compliant SPD EEPROM, read-only
[    5.270879] libphy: r8169: probed
[    5.271794] r8169 0000:02:00.0 eth0: RTL8125B, 24:5e:be:58:f1:fe, XID 641, IRQ 131
[    5.271801] r8169 0000:02:00.0 eth0: jumbo features [frames: 9194 bytes, tx checksumming: ko]
[    5.272160] r8169 0000:03:00.0: can't disable ASPM; OS doesn't have ASPM control
[    5.272174] r8169 0000:03:00.0: enabling device (0000 -> 0003)
[    5.297355] libphy: r8169: probed
[    5.299008] r8169 0000:03:00.0 eth1: RTL8125B, 24:5e:be:58:f1:ff, XID 641, IRQ 132
[    5.299017] r8169 0000:03:00.0 eth1: jumbo features [frames: 9194 bytes, tx checksumming: ko]
[    5.299674] cryptd: max_cpu_qlen set to 1000
[    5.321105] r8169 0000:02:00.0 eno1: renamed from eth0
[    5.331130] SSE version of gcm_enc/dec engaged.
[    5.334383] Btrfs loaded, crc32c=crc32c-intel, zoned=yes
[    5.335118] BTRFS: device fsid 7fa0d7cf-7715-4699-be8a-24943f44d3dc devid 2 transid 116682 /dev/sdc scanned by systemd-udevd (281)
[    5.335223] r8169 0000:03:00.0 enp3s0: renamed from eth1
[    5.335254] BTRFS: device fsid 7fa0d7cf-7715-4699-be8a-24943f44d3dc devid 1 transid 116682 /dev/sdb scanned by systemd-udevd (285)
[    5.347425] snd_hda_intel 0000:00:0e.0: DSP detected with PCI class/subclass/prog-if info 0x040100
[    5.354140] mmc0: new DDR MMC card at address 0001
[    5.367079] r8169 0000:03:00.0: Direct firmware load for rtl_nic/rtl8125b-2.fw failed with error -2
[    5.367090] r8169 0000:03:00.0: Unable to load firmware rtl_nic/rtl8125b-2.fw (-2)
[    5.372230] mmcblk0: mmc0:0001 004GA0 3.69 GiB 
[    5.372361] mmcblk0boot0: mmc0:0001 004GA0 2.00 MiB 
[    5.372481] mmcblk0boot1: mmc0:0001 004GA0 2.00 MiB 
[    5.372851] mmcblk0rpmb: mmc0:0001 004GA0 512 KiB, chardev (235:0)
[    5.391920]  mmcblk0: p1 p2
[    5.392840] RTL8226B_RTL8221B 2.5Gbps PHY r8169-0-300:00: attached PHY driver (mii_bus:phy_addr=r8169-0-300:00, irq=MAC)
[    5.439376] kauditd_printk_skb: 11 callbacks suppressed
[    5.439382] audit: type=1130 audit(1636401593.610:22): pid=1 uid=0 auid=4294967295 ses=4294967295 msg='unit=systemd-journal-flush comm="systemd" exe="/usr/lib/systemd/systemd" hostname=? addr=? terminal=? res=success'
[    5.446339] i915 0000:00:02.0: vgaarb: deactivate vga console
[    5.446501] i915 0000:00:02.0: [drm] couldn't get memory information
[    5.446681] i915 0000:00:02.0: vgaarb: changed VGA decodes: olddecodes=io+mem,decodes=io+mem:owns=io+mem
[    5.451298] i915 0000:00:02.0: Direct firmware load for i915/glk_dmc_ver1_04.bin failed with error -2
[    5.451309] i915 0000:00:02.0: [drm] Failed to load DMC firmware i915/glk_dmc_ver1_04.bin. Disabling runtime power management.
[    5.451312] i915 0000:00:02.0: [drm] DMC firmware homepage: https://git.kernel.org/pub/scm/linux/kernel/git/firmware/linux-firmware.git/tree/i915
[    5.453420] mei_hdcp 0000:00:0f.0-b638ab7e-94e2-4ea2-a552-d1c54b627f04: bound 0000:00:02.0 (ops i915_hdcp_component_ops [i915])
[    5.516301] r8169 0000:03:00.0 enp3s0: Link is Down
[    5.544059] intel_telemetry_core Init
[    5.550571] Invalid pltconfig, ensure IPC1 device is enabled in BIOS
[    5.561183] audit: type=1130 audit(1636401593.733:23): pid=1 uid=0 auid=4294967295 ses=4294967295 msg='unit=systemd-fsck@dev-disk-by\x2duuid-5e732225\x2d8d6a\x2d4811\x2d9b4d\x2d07e90a508388 comm="systemd" exe="/usr/lib/systemd/systemd" hostname=? addr=? terminal=? res=success'
[    5.569394] audit: type=1130 audit(1636401593.740:24): pid=1 uid=0 auid=4294967295 ses=4294967295 msg='unit=systemd-fsck@dev-disk-by\x2duuid-B27A\x2d957D comm="systemd" exe="/usr/lib/systemd/systemd" hostname=? addr=? terminal=? res=success'
[    5.596812] Invalid pltconfig, ensure IPC1 device is enabled in BIOS
[    5.699573] Invalid pltconfig, ensure IPC1 device is enabled in BIOS
[    5.702406] intel_rapl_common: Found RAPL domain package
[    5.702413] intel_rapl_common: Found RAPL domain core
[    5.702416] intel_rapl_common: Found RAPL domain uncore
[    5.702418] intel_rapl_common: Found RAPL domain dram
[    5.790326] Invalid pltconfig, ensure IPC1 device is enabled in BIOS
[    5.844629] EXT4-fs (mmcblk0p2): mounted filesystem with ordered data mode. Opts: (null). Quota mode: none.
[    5.929050] audit: type=1130 audit(1636401594.100:25): pid=1 uid=0 auid=4294967295 ses=4294967295 msg='unit=systemd-tmpfiles-setup comm="systemd" exe="/usr/lib/systemd/systemd" hostname=? addr=? terminal=? res=success'
[    5.942268] audit: type=1127 audit(1636401594.113:26): pid=386 uid=0 auid=4294967295 ses=4294967295 msg=' comm="systemd-update-utmp" exe="/usr/lib/systemd/systemd-update-utmp" hostname=? addr=? terminal=? res=success'
[    5.946051] audit: type=1130 audit(1636401594.116:27): pid=1 uid=0 auid=4294967295 ses=4294967295 msg='unit=nfsdcld comm="systemd" exe="/usr/lib/systemd/systemd" hostname=? addr=? terminal=? res=success'
[    5.948968] audit: type=1130 audit(1636401594.120:28): pid=1 uid=0 auid=4294967295 ses=4294967295 msg='unit=systemd-update-utmp comm="systemd" exe="/usr/lib/systemd/systemd" hostname=? addr=? terminal=? res=success'
[    5.955162] audit: type=1130 audit(1636401594.126:29): pid=1 uid=0 auid=4294967295 ses=4294967295 msg='unit=dbus comm="systemd" exe="/usr/lib/systemd/systemd" hostname=? addr=? terminal=? res=success'
[    5.961044] random: dbus-daemon: uninitialized urandom read (12 bytes read)
[    5.961965] random: avahi-daemon: uninitialized urandom read (4 bytes read)
[    5.969082] audit: type=1130 audit(1636401594.140:30): pid=1 uid=0 auid=4294967295 ses=4294967295 msg='unit=sshd comm="systemd" exe="/usr/lib/systemd/systemd" hostname=? addr=? terminal=? res=success'
[    5.972281] audit: type=1334 audit(1636401594.143:31): prog-id=18 op=LOAD
[    6.005384] xfs filesystem being remounted at /run/systemd/unit-root/etc supports timestamps until 2038 (0x7fffffff)
[    6.005488] xfs filesystem being remounted at /run/systemd/unit-root/var/lib/systemd/linger supports timestamps until 2038 (0x7fffffff)
[    6.005530] xfs filesystem being remounted at /run/systemd/unit-root/var/tmp supports timestamps until 2038 (0x7fffffff)
[    6.008250] xfs filesystem being remounted at /run/systemd/unit-root/etc supports timestamps until 2038 (0x7fffffff)
[    6.023841] xfs filesystem being remounted at /run/systemd/unit-root/var/lib/systemd/linger supports timestamps until 2038 (0x7fffffff)
[    6.024564] xfs filesystem being remounted at /run/systemd/unit-root/var/tmp supports timestamps until 2038 (0x7fffffff)
[    6.052833] random: crng init done
[    6.052837] random: 3 urandom warning(s) missed due to ratelimiting
[    6.558726] i915 0000:00:02.0: [drm] failed to retrieve link info, disabling eDP
[    6.561682] [drm] Initialized i915 1.6.0 20201103 for 0000:00:02.0 on minor 0
[    6.563351] ACPI: video: Video Device [GFX0] (multi-head: yes  rom: no  post: no)
[    6.563742] input: Video Bus as /devices/LNXSYSTM:00/LNXSYBUS:00/PNP0A08:00/LNXVIDEO:00/input/input4
[    6.563933] snd_hda_intel 0000:00:0e.0: bound 0000:00:02.0 (ops i915_audio_component_bind_ops [i915])
[    6.567587] i915 0000:00:02.0: [drm] Cannot find any crtc or sizes
[    6.571558] i915 0000:00:02.0: [drm] Cannot find any crtc or sizes
[    6.573982] i915 0000:00:02.0: [drm] Cannot find any crtc or sizes
[    7.582822] snd_hda_intel 0000:00:0e.0: azx_get_response timeout, switching to polling mode: last cmd=0x000f0000
[    7.847037] r8169 0000:03:00.0 enp3s0: Link is Up - 1Gbps/Full - flow control rx/tx
[    7.847083] IPv6: ADDRCONF(NETDEV_CHANGE): enp3s0: link becomes ready
[    8.592762] snd_hda_intel 0000:00:0e.0: No response from codec, disabling MSI: last cmd=0x000f0000
[    9.602699] snd_hda_intel 0000:00:0e.0: Codec #0 probe error; disabling it...
[    9.623358] input: HDA Intel PCH HDMI/DP,pcm=3 as /devices/pci0000:00/0000:00:0e.0/sound/card0/input5
[    9.623430] input: HDA Intel PCH HDMI/DP,pcm=7 as /devices/pci0000:00/0000:00:0e.0/sound/card0/input6
[    9.623485] input: HDA Intel PCH HDMI/DP,pcm=8 as /devices/pci0000:00/0000:00:0e.0/sound/card0/input7
[    9.623548] input: HDA Intel PCH HDMI/DP,pcm=9 as /devices/pci0000:00/0000:00:0e.0/sound/card0/input8
[    9.623607] input: HDA Intel PCH HDMI/DP,pcm=10 as /devices/pci0000:00/0000:00:0e.0/sound/card0/input9
[   11.224917] kauditd_printk_skb: 15 callbacks suppressed
[   11.224927] audit: type=1334 audit(1636401599.397:47): prog-id=21 op=LOAD
[   11.225433] audit: type=1334 audit(1636401599.397:48): prog-id=22 op=LOAD
[   11.225566] audit: type=1334 audit(1636401599.397:49): prog-id=23 op=LOAD
[   11.267803] xfs filesystem being remounted at /run/systemd/unit-root/var/tmp supports timestamps until 2038 (0x7fffffff)
[   11.267884] xfs filesystem being remounted at /run/systemd/unit-root/etc supports timestamps until 2038 (0x7fffffff)
[   11.269919] xfs filesystem being remounted at /run/systemd/unit-root/etc supports timestamps until 2038 (0x7fffffff)
[   11.292136] xfs filesystem being remounted at /run/systemd/unit-root/var/tmp supports timestamps until 2038 (0x7fffffff)
[   11.311278] audit: type=1130 audit(1636401599.483:50): pid=1 uid=0 auid=4294967295 ses=4294967295 msg='unit=systemd-hostnamed comm="systemd" exe="/usr/lib/systemd/systemd" hostname=? addr=? terminal=? res=success'
[   11.452308] audit: type=1130 audit(1636401599.623:51): pid=1 uid=0 auid=4294967295 ses=4294967295 msg='unit=polkit comm="systemd" exe="/usr/lib/systemd/systemd" hostname=? addr=? terminal=? res=success'
[   13.191911] audit: type=1130 audit(1636401601.363:52): pid=1 uid=0 auid=4294967295 ses=4294967295 msg='unit=systemd-networkd-wait-online comm="systemd" exe="/usr/lib/systemd/systemd" hostname=? addr=? terminal=? res=success'
[   13.200558] audit: type=1130 audit(1636401601.373:53): pid=1 uid=0 auid=4294967295 ses=4294967295 msg='unit=plexmediaserver comm="systemd" exe="/usr/lib/systemd/systemd" hostname=? addr=? terminal=? res=success'
[   13.234981] audit: type=1130 audit(1636401601.407:54): pid=1 uid=0 auid=4294967295 ses=4294967295 msg='unit=rpcbind comm="systemd" exe="/usr/lib/systemd/systemd" hostname=? addr=? terminal=? res=success'
[   13.253011] audit: type=1130 audit(1636401601.427:55): pid=1 uid=0 auid=4294967295 ses=4294967295 msg='unit=rpc-statd comm="systemd" exe="/usr/lib/systemd/systemd" hostname=? addr=? terminal=? res=success'
[   13.265380] audit: type=1130 audit(1636401601.437:56): pid=1 uid=0 auid=4294967295 ses=4294967295 msg='unit=nfs-mountd comm="systemd" exe="/usr/lib/systemd/systemd" hostname=? addr=? terminal=? res=success'
[   13.400835] NFSD: Using nfsdcld client tracking operations.
[   13.400841] NFSD: no clients to reclaim, skipping NFSv4 grace period (net f00000a8)
[   21.872012] kauditd_printk_skb: 4 callbacks suppressed
[   21.872017] audit: type=1101 audit(1636401610.044:61): pid=663 uid=0 auid=4294967295 ses=4294967295 msg='op=PAM:accounting grantors=pam_access,pam_unix,pam_permit,pam_time acct="root" exe="/usr/bin/sshd" hostname=240e:3a1:ed3:4eb0:9991:db24:e127:c194 addr=240e:3a1:ed3:4eb0:9991:db24:e127:c194 terminal=ssh res=success'
[   21.873935] audit: type=1103 audit(1636401610.044:62): pid=663 uid=0 auid=4294967295 ses=4294967295 msg='op=PAM:setcred grantors=pam_shells,pam_faillock,pam_permit,pam_env,pam_faillock acct="root" exe="/usr/bin/sshd" hostname=240e:3a1:ed3:4eb0:9991:db24:e127:c194 addr=240e:3a1:ed3:4eb0:9991:db24:e127:c194 terminal=ssh res=success'
[   21.874155] audit: type=1006 audit(1636401610.044:63): pid=663 uid=0 old-auid=4294967295 auid=0 tty=(none) old-ses=4294967295 ses=1 res=1
[   21.874161] audit: type=1300 audit(1636401610.044:63): arch=c000003e syscall=1 success=yes exit=1 a0=3 a1=7fffe26198e0 a2=1 a3=0 items=0 ppid=397 pid=663 auid=0 uid=0 gid=0 euid=0 suid=0 fsuid=0 egid=0 sgid=0 fsgid=0 tty=(none) ses=1 comm="sshd" exe="/usr/bin/sshd" key=(null)
[   21.874164] audit: type=1327 audit(1636401610.044:63): proctitle=737368643A20726F6F74205B707269765D
[   21.895954] audit: type=1130 audit(1636401610.067:64): pid=1 uid=0 auid=4294967295 ses=4294967295 msg='unit=user-runtime-dir@0 comm="systemd" exe="/usr/lib/systemd/systemd" hostname=? addr=? terminal=? res=success'
[   21.903338] audit: type=1101 audit(1636401610.074:65): pid=666 uid=0 auid=4294967295 ses=4294967295 msg='op=PAM:accounting grantors=pam_access,pam_unix,pam_permit,pam_time acct="root" exe="/usr/lib/systemd/systemd" hostname=? addr=? terminal=? res=success'
[   21.903885] audit: type=1103 audit(1636401610.074:66): pid=666 uid=0 auid=4294967295 ses=4294967295 msg='op=PAM:setcred grantors=? acct="root" exe="/usr/lib/systemd/systemd" hostname=? addr=? terminal=? res=failed'
[   21.903893] audit: type=1006 audit(1636401610.074:67): pid=666 uid=0 old-auid=4294967295 auid=0 tty=(none) old-ses=4294967295 ses=2 res=1
[   21.903896] audit: type=1300 audit(1636401610.074:67): arch=c000003e syscall=1 success=yes exit=1 a0=9 a1=7ffd2360d450 a2=1 a3=0 items=0 ppid=1 pid=666 auid=0 uid=0 gid=0 euid=0 suid=0 fsuid=0 egid=0 sgid=0 fsgid=0 tty=(none) ses=2 comm="(systemd)" exe="/usr/lib/systemd/systemd" key=(null)
[   42.378255] kauditd_printk_skb: 13 callbacks suppressed
[   42.378265] audit: type=1131 audit(1636401630.552:76): pid=1 uid=0 auid=4294967295 ses=4294967295 msg='unit=systemd-hostnamed comm="systemd" exe="/usr/lib/systemd/systemd" hostname=? addr=? terminal=? res=success'
[   42.457152] audit: type=1334 audit(1636401630.632:77): prog-id=23 op=UNLOAD
[   42.457162] audit: type=1334 audit(1636401630.632:78): prog-id=22 op=UNLOAD
[   42.457164] audit: type=1334 audit(1636401630.632:79): prog-id=21 op=UNLOAD
[   63.177543] BTRFS info (device sdb): flagging fs with big metadata feature
[   63.177551] BTRFS info (device sdb): using free space tree
[   63.177553] BTRFS info (device sdb): has skinny extents
[   92.434526] BTRFS info (device sdb): flagging fs with big metadata feature
[   92.434535] BTRFS info (device sdb): using free space tree
[   92.434537] BTRFS info (device sdb): has skinny extents
[   94.365489] audit: type=1101 audit(1636401682.542:80): pid=899 uid=0 auid=4294967295 ses=4294967295 msg='op=PAM:accounting grantors=pam_access,pam_unix,pam_permit,pam_time acct="root" exe="/usr/bin/sshd" hostname=240e:3a1:ed3:4eb0:9991:db24:e127:c194 addr=240e:3a1:ed3:4eb0:9991:db24:e127:c194 terminal=ssh res=success'
[   94.366693] audit: type=1103 audit(1636401682.546:81): pid=899 uid=0 auid=4294967295 ses=4294967295 msg='op=PAM:setcred grantors=pam_shells,pam_faillock,pam_permit,pam_env,pam_faillock acct="root" exe="/usr/bin/sshd" hostname=240e:3a1:ed3:4eb0:9991:db24:e127:c194 addr=240e:3a1:ed3:4eb0:9991:db24:e127:c194 terminal=ssh res=success'
[   94.366776] audit: type=1006 audit(1636401682.546:82): pid=899 uid=0 old-auid=4294967295 auid=0 tty=(none) old-ses=4294967295 ses=3 res=1
[   94.366781] audit: type=1300 audit(1636401682.546:82): arch=c000003e syscall=1 success=yes exit=1 a0=3 a1=7ffd45388de0 a2=1 a3=0 items=0 ppid=397 pid=899 auid=0 uid=0 gid=0 euid=0 suid=0 fsuid=0 egid=0 sgid=0 fsgid=0 tty=(none) ses=3 comm="sshd" exe="/usr/bin/sshd" key=(null)
[   94.366785] audit: type=1327 audit(1636401682.546:82): proctitle=737368643A20726F6F74205B707269765D
[   94.377394] audit: type=1105 audit(1636401682.556:83): pid=899 uid=0 auid=0 ses=3 msg='op=PAM:session_open grantors=pam_loginuid,pam_keyinit,pam_limits,pam_unix,pam_permit,pam_mail,pam_systemd,pam_env acct="root" exe="/usr/bin/sshd" hostname=240e:3a1:ed3:4eb0:9991:db24:e127:c194 addr=240e:3a1:ed3:4eb0:9991:db24:e127:c194 terminal=ssh res=success'
[   94.514482] audit: type=1110 audit(1636401682.692:84): pid=901 uid=0 auid=0 ses=3 msg='op=PAM:setcred grantors=pam_shells,pam_faillock,pam_permit,pam_env,pam_faillock acct="root" exe="/usr/bin/sshd" hostname=240e:3a1:ed3:4eb0:9991:db24:e127:c194 addr=240e:3a1:ed3:4eb0:9991:db24:e127:c194 terminal=ssh res=success'
[  103.956075] ata2.00: exception Emask 0x10 SAct 0x7ff8000f SErr 0x400101 action 0x6 frozen
[  103.956093] ata2.00: irq_stat 0x08000000, interface fatal error
[  103.956097] ata2: SError: { RecovData UnrecovData Handshk }
[  103.956102] ata2.00: failed command: WRITE FPDMA QUEUED
[  103.956105] ata2.00: cmd 61/20:00:e0:4b:01/00:00:00:00:00/40 tag 0 ncq dma 16384 out
                        res 40/00:18:a0:6b:01/00:00:00:00:00/40 Emask 0x10 (ATA bus error)
[  103.956116] ata2.00: status: { DRDY }
[  103.956119] ata2.00: failed command: WRITE FPDMA QUEUED
[  103.956122] ata2.00: cmd 61/20:08:c0:4d:01/00:00:00:00:00/40 tag 1 ncq dma 16384 out
                        res 40/00:18:a0:6b:01/00:00:00:00:00/40 Emask 0x10 (ATA bus error)
[  103.956131] ata2.00: status: { DRDY }
[  103.956134] ata2.00: failed command: WRITE FPDMA QUEUED
[  103.956136] ata2.00: cmd 61/20:10:c0:5d:01/00:00:00:00:00/40 tag 2 ncq dma 16384 out
                        res 40/00:18:a0:6b:01/00:00:00:00:00/40 Emask 0x10 (ATA bus error)
[  103.956146] ata2.00: status: { DRDY }
[  103.956149] ata2.00: failed command: WRITE FPDMA QUEUED
[  103.956152] ata2.00: cmd 61/20:18:a0:6b:01/00:00:00:00:00/40 tag 3 ncq dma 16384 out
                        res 40/00:18:a0:6b:01/00:00:00:00:00/40 Emask 0x10 (ATA bus error)
[  103.956162] ata2.00: status: { DRDY }
[  103.956165] ata2.00: failed command: WRITE FPDMA QUEUED
[  103.956167] ata2.00: cmd 61/20:98:00:e8:00/00:00:00:00:00/40 tag 19 ncq dma 16384 out
                        res 40/00:18:a0:6b:01/00:00:00:00:00/40 Emask 0x10 (ATA bus error)
[  103.956178] ata2.00: status: { DRDY }
[  103.956181] ata2.00: failed command: WRITE FPDMA QUEUED
[  103.956184] ata2.00: cmd 61/20:a0:c0:f6:00/00:00:00:00:00/40 tag 20 ncq dma 16384 out
                        res 40/00:18:a0:6b:01/00:00:00:00:00/40 Emask 0x10 (ATA bus error)
[  103.956193] ata2.00: status: { DRDY }
[  103.956196] ata2.00: failed command: WRITE FPDMA QUEUED
[  103.956199] ata2.00: cmd 61/20:a8:20:15:01/00:00:00:00:00/40 tag 21 ncq dma 16384 out
                        res 40/00:18:a0:6b:01/00:00:00:00:00/40 Emask 0x10 (ATA bus error)
[  103.956208] ata2.00: status: { DRDY }
[  103.956211] ata2.00: failed command: WRITE FPDMA QUEUED
[  103.956214] ata2.00: cmd 61/20:b0:a0:15:01/00:00:00:00:00/40 tag 22 ncq dma 16384 out
                        res 40/00:18:a0:6b:01/00:00:00:00:00/40 Emask 0x10 (ATA bus error)
[  103.956224] ata2.00: status: { DRDY }
[  103.956226] ata2.00: failed command: WRITE FPDMA QUEUED
[  103.956229] ata2.00: cmd 61/60:b8:00:36:01/00:00:00:00:00/40 tag 23 ncq dma 49152 out
                        res 40/00:18:a0:6b:01/00:00:00:00:00/40 Emask 0x10 (ATA bus error)
[  103.956239] ata2.00: status: { DRDY }
[  103.956242] ata2.00: failed command: WRITE FPDMA QUEUED
[  103.956244] ata2.00: cmd 61/40:c0:40:38:01/00:00:00:00:00/40 tag 24 ncq dma 32768 out
                        res 40/00:18:a0:6b:01/00:00:00:00:00/40 Emask 0x10 (ATA bus error)
[  103.956254] ata2.00: status: { DRDY }
[  103.956259] ata2.00: failed command: WRITE FPDMA QUEUED
[  103.956262] ata2.00: cmd 61/20:c8:c0:38:01/00:00:00:00:00/40 tag 25 ncq dma 16384 out
                        res 40/00:18:a0:6b:01/00:00:00:00:00/40 Emask 0x10 (ATA bus error)
[  103.956272] ata2.00: status: { DRDY }
[  103.956274] ata2.00: failed command: WRITE FPDMA QUEUED
[  103.956277] ata2.00: cmd 61/20:d0:c0:3a:01/00:00:00:00:00/40 tag 26 ncq dma 16384 out
                        res 40/00:18:a0:6b:01/00:00:00:00:00/40 Emask 0x10 (ATA bus error)
[  103.956287] ata2.00: status: { DRDY }
[  103.956290] ata2.00: failed command: WRITE FPDMA QUEUED
[  103.956292] ata2.00: cmd 61/20:d8:20:41:01/00:00:00:00:00/40 tag 27 ncq dma 16384 out
                        res 40/00:18:a0:6b:01/00:00:00:00:00/40 Emask 0x10 (ATA bus error)
[  103.956302] ata2.00: status: { DRDY }
[  103.956305] ata2.00: failed command: WRITE FPDMA QUEUED
[  103.956308] ata2.00: cmd 61/20:e0:e0:45:01/00:00:00:00:00/40 tag 28 ncq dma 16384 out
                        res 40/00:18:a0:6b:01/00:00:00:00:00/40 Emask 0x10 (ATA bus error)
[  103.956317] ata2.00: status: { DRDY }
[  103.956320] ata2.00: failed command: WRITE FPDMA QUEUED
[  103.956323] ata2.00: cmd 61/40:e8:40:46:01/00:00:00:00:00/40 tag 29 ncq dma 32768 out
                        res 40/00:18:a0:6b:01/00:00:00:00:00/40 Emask 0x10 (ATA bus error)
[  103.956332] ata2.00: status: { DRDY }
[  103.956335] ata2.00: failed command: WRITE FPDMA QUEUED
[  103.956338] ata2.00: cmd 61/20:f0:60:47:01/00:00:00:00:00/40 tag 30 ncq dma 16384 out
                        res 40/00:18:a0:6b:01/00:00:00:00:00/40 Emask 0x10 (ATA bus error)
[  103.956347] ata2.00: status: { DRDY }
[  103.956353] ata2: hard resetting link
[  104.429367] ata2: SATA link up 6.0 Gbps (SStatus 133 SControl 300)
[  104.430502] ata2.00: configured for UDMA/133
[  104.430754] ata2: EH complete
[  104.462811] ata2.00: exception Emask 0x10 SAct 0x7fff8fc3 SErr 0x400100 action 0x6 frozen
[  104.462830] ata2.00: irq_stat 0x08000000, interface fatal error
[  104.462835] ata2: SError: { UnrecovData Handshk }
[  104.462841] ata2.00: failed command: WRITE FPDMA QUEUED
[  104.462844] ata2.00: cmd 61/40:00:40:46:01/00:00:00:00:00/40 tag 0 ncq dma 32768 out
                        res 40/00:00:40:46:01/00:00:00:00:00/40 Emask 0x10 (ATA bus error)
[  104.462855] ata2.00: status: { DRDY }
[  104.462858] ata2.00: failed command: WRITE FPDMA QUEUED
[  104.462861] ata2.00: cmd 61/20:08:60:47:01/00:00:00:00:00/40 tag 1 ncq dma 16384 out
                        res 40/00:00:40:46:01/00:00:00:00:00/40 Emask 0x10 (ATA bus error)
[  104.462871] ata2.00: status: { DRDY }
[  104.462874] ata2.00: failed command: WRITE FPDMA QUEUED
[  104.462877] ata2.00: cmd 61/20:30:e0:ea:01/00:00:00:00:00/40 tag 6 ncq dma 16384 out
                        res 40/00:00:40:46:01/00:00:00:00:00/40 Emask 0x10 (ATA bus error)
[  104.462887] ata2.00: status: { DRDY }
[  104.462890] ata2.00: failed command: WRITE FPDMA QUEUED
[  104.462892] ata2.00: cmd 61/20:38:00:f1:01/00:00:00:00:00/40 tag 7 ncq dma 16384 out
                        res 40/00:00:40:46:01/00:00:00:00:00/40 Emask 0x10 (ATA bus error)
[  104.462902] ata2.00: status: { DRDY }
[  104.462905] ata2.00: failed command: WRITE FPDMA QUEUED
[  104.462908] ata2.00: cmd 61/20:40:40:0a:02/00:00:00:00:00/40 tag 8 ncq dma 16384 out
                        res 40/00:00:40:46:01/00:00:00:00:00/40 Emask 0x10 (ATA bus error)
[  104.462917] ata2.00: status: { DRDY }
[  104.462920] ata2.00: failed command: WRITE FPDMA QUEUED
[  104.462923] ata2.00: cmd 61/20:48:a0:0b:02/00:00:00:00:00/40 tag 9 ncq dma 16384 out
                        res 40/00:00:40:46:01/00:00:00:00:00/40 Emask 0x10 (ATA bus error)
[  104.462932] ata2.00: status: { DRDY }
[  104.462935] ata2.00: failed command: WRITE FPDMA QUEUED
[  104.462938] ata2.00: cmd 61/20:50:20:0f:02/00:00:00:00:00/40 tag 10 ncq dma 16384 out
                        res 40/00:00:40:46:01/00:00:00:00:00/40 Emask 0x10 (ATA bus error)
[  104.462948] ata2.00: status: { DRDY }
[  104.462950] ata2.00: failed command: WRITE FPDMA QUEUED
[  104.462953] ata2.00: cmd 61/20:58:c0:12:02/00:00:00:00:00/40 tag 11 ncq dma 16384 out
                        res 40/00:00:40:46:01/00:00:00:00:00/40 Emask 0x10 (ATA bus error)
[  104.462963] ata2.00: status: { DRDY }
[  104.462966] ata2.00: failed command: WRITE FPDMA QUEUED
[  104.462969] ata2.00: cmd 61/20:78:a0:7d:01/00:00:00:00:00/40 tag 15 ncq dma 16384 out
                        res 40/00:00:40:46:01/00:00:00:00:00/40 Emask 0x10 (ATA bus error)
[  104.462978] ata2.00: status: { DRDY }
[  104.462981] ata2.00: failed command: WRITE FPDMA QUEUED
[  104.462984] ata2.00: cmd 61/20:80:00:c1:01/00:00:00:00:00/40 tag 16 ncq dma 16384 out
                        res 40/00:00:40:46:01/00:00:00:00:00/40 Emask 0x10 (ATA bus error)
[  104.462993] ata2.00: status: { DRDY }
[  104.462996] ata2.00: failed command: WRITE FPDMA QUEUED
[  104.463000] ata2.00: cmd 61/20:88:e0:4b:01/00:00:00:00:00/40 tag 17 ncq dma 16384 out
                        res 40/00:00:40:46:01/00:00:00:00:00/40 Emask 0x10 (ATA bus error)
[  104.463010] ata2.00: status: { DRDY }
[  104.463013] ata2.00: failed command: WRITE FPDMA QUEUED
[  104.463015] ata2.00: cmd 61/20:90:c0:4d:01/00:00:00:00:00/40 tag 18 ncq dma 16384 out
                        res 40/00:00:40:46:01/00:00:00:00:00/40 Emask 0x10 (ATA bus error)
[  104.463025] ata2.00: status: { DRDY }
[  104.463028] ata2.00: failed command: WRITE FPDMA QUEUED
[  104.463031] ata2.00: cmd 61/20:98:c0:5d:01/00:00:00:00:00/40 tag 19 ncq dma 16384 out
                        res 40/00:00:40:46:01/00:00:00:00:00/40 Emask 0x10 (ATA bus error)
[  104.463040] ata2.00: status: { DRDY }
[  104.463043] ata2.00: failed command: WRITE FPDMA QUEUED
[  104.463046] ata2.00: cmd 61/20:a0:a0:6b:01/00:00:00:00:00/40 tag 20 ncq dma 16384 out
                        res 40/00:00:40:46:01/00:00:00:00:00/40 Emask 0x10 (ATA bus error)
[  104.463055] ata2.00: status: { DRDY }
[  104.463058] ata2.00: failed command: WRITE FPDMA QUEUED
[  104.463061] ata2.00: cmd 61/20:a8:00:e8:00/00:00:00:00:00/40 tag 21 ncq dma 16384 out
                        res 40/00:00:40:46:01/00:00:00:00:00/40 Emask 0x10 (ATA bus error)
[  104.463070] ata2.00: status: { DRDY }
[  104.463073] ata2.00: failed command: WRITE FPDMA QUEUED
[  104.463076] ata2.00: cmd 61/20:b0:c0:f6:00/00:00:00:00:00/40 tag 22 ncq dma 16384 out
                        res 40/00:00:40:46:01/00:00:00:00:00/40 Emask 0x10 (ATA bus error)
[  104.463086] ata2.00: status: { DRDY }
[  104.463088] ata2.00: failed command: WRITE FPDMA QUEUED
[  104.463091] ata2.00: cmd 61/20:b8:20:15:01/00:00:00:00:00/40 tag 23 ncq dma 16384 out
                        res 40/00:00:40:46:01/00:00:00:00:00/40 Emask 0x10 (ATA bus error)
[  104.463101] ata2.00: status: { DRDY }
[  104.463104] ata2.00: failed command: WRITE FPDMA QUEUED
[  104.463107] ata2.00: cmd 61/20:c0:a0:15:01/00:00:00:00:00/40 tag 24 ncq dma 16384 out
                        res 40/00:00:40:46:01/00:00:00:00:00/40 Emask 0x10 (ATA bus error)
[  104.463116] ata2.00: status: { DRDY }
[  104.463119] ata2.00: failed command: WRITE FPDMA QUEUED
[  104.463122] ata2.00: cmd 61/60:c8:00:36:01/00:00:00:00:00/40 tag 25 ncq dma 49152 out
                        res 40/00:00:40:46:01/00:00:00:00:00/40 Emask 0x10 (ATA bus error)
[  104.463131] ata2.00: status: { DRDY }
[  104.463134] ata2.00: failed command: WRITE FPDMA QUEUED
[  104.463137] ata2.00: cmd 61/40:d0:40:38:01/00:00:00:00:00/40 tag 26 ncq dma 32768 out
                        res 40/00:00:40:46:01/00:00:00:00:00/40 Emask 0x10 (ATA bus error)
[  104.463147] ata2.00: status: { DRDY }
[  104.463149] ata2.00: failed command: WRITE FPDMA QUEUED
[  104.463152] ata2.00: cmd 61/20:d8:c0:38:01/00:00:00:00:00/40 tag 27 ncq dma 16384 out
                        res 40/00:00:40:46:01/00:00:00:00:00/40 Emask 0x10 (ATA bus error)
[  104.463162] ata2.00: status: { DRDY }
[  104.463165] ata2.00: failed command: WRITE FPDMA QUEUED
[  104.463167] ata2.00: cmd 61/20:e0:c0:3a:01/00:00:00:00:00/40 tag 28 ncq dma 16384 out
                        res 40/00:00:40:46:01/00:00:00:00:00/40 Emask 0x10 (ATA bus error)
[  104.463177] ata2.00: status: { DRDY }
[  104.463180] ata2.00: failed command: WRITE FPDMA QUEUED
[  104.463183] ata2.00: cmd 61/20:e8:20:41:01/00:00:00:00:00/40 tag 29 ncq dma 16384 out
                        res 40/00:00:40:46:01/00:00:00:00:00/40 Emask 0x10 (ATA bus error)
[  104.463192] ata2.00: status: { DRDY }
[  104.463195] ata2.00: failed command: WRITE FPDMA QUEUED
[  104.463198] ata2.00: cmd 61/20:f0:e0:45:01/00:00:00:00:00/40 tag 30 ncq dma 16384 out
                        res 40/00:00:40:46:01/00:00:00:00:00/40 Emask 0x10 (ATA bus error)
[  104.463207] ata2.00: status: { DRDY }
[  104.463213] ata2: hard resetting link
[  104.935992] ata2: SATA link up 6.0 Gbps (SStatus 133 SControl 300)
[  104.937150] ata2.00: configured for UDMA/133
[  104.937507] ata2: EH complete
[  104.956061] ata2.00: exception Emask 0x10 SAct 0x7fff07fc SErr 0x400101 action 0x6 frozen
[  104.956096] ata2.00: irq_stat 0x0c000000, interface fatal error
[  104.956100] ata2: SError: { RecovData UnrecovData Handshk }
[  104.956106] ata2.00: failed command: WRITE FPDMA QUEUED
[  104.956110] ata2.00: cmd 61/20:10:c0:f6:00/00:00:00:00:00/40 tag 2 ncq dma 16384 out
                        res 40/00:50:e0:45:01/00:00:00:00:00/40 Emask 0x10 (ATA bus error)
[  104.956121] ata2.00: status: { DRDY }
[  104.956124] ata2.00: failed command: WRITE FPDMA QUEUED
[  104.956127] ata2.00: cmd 61/20:18:20:15:01/00:00:00:00:00/40 tag 3 ncq dma 16384 out
                        res 40/00:50:e0:45:01/00:00:00:00:00/40 Emask 0x10 (ATA bus error)
[  104.956137] ata2.00: status: { DRDY }
[  104.956140] ata2.00: failed command: WRITE FPDMA QUEUED
[  104.956142] ata2.00: cmd 61/20:20:a0:15:01/00:00:00:00:00/40 tag 4 ncq dma 16384 out
                        res 40/00:50:e0:45:01/00:00:00:00:00/40 Emask 0x10 (ATA bus error)
[  104.956152] ata2.00: status: { DRDY }
[  104.956155] ata2.00: failed command: WRITE FPDMA QUEUED
[  104.956158] ata2.00: cmd 61/60:28:00:36:01/00:00:00:00:00/40 tag 5 ncq dma 49152 out
                        res 40/00:50:e0:45:01/00:00:00:00:00/40 Emask 0x10 (ATA bus error)
[  104.956168] ata2.00: status: { DRDY }
[  104.956171] ata2.00: failed command: WRITE FPDMA QUEUED
[  104.956173] ata2.00: cmd 61/40:30:40:38:01/00:00:00:00:00/40 tag 6 ncq dma 32768 out
                        res 40/00:50:e0:45:01/00:00:00:00:00/40 Emask 0x10 (ATA bus error)
[  104.956183] ata2.00: status: { DRDY }
[  104.956186] ata2.00: failed command: WRITE FPDMA QUEUED
[  104.956189] ata2.00: cmd 61/20:38:c0:38:01/00:00:00:00:00/40 tag 7 ncq dma 16384 out
                        res 40/00:50:e0:45:01/00:00:00:00:00/40 Emask 0x10 (ATA bus error)
[  104.956199] ata2.00: status: { DRDY }
[  104.956201] ata2.00: failed command: WRITE FPDMA QUEUED
[  104.956204] ata2.00: cmd 61/20:40:c0:3a:01/00:00:00:00:00/40 tag 8 ncq dma 16384 out
                        res 40/00:50:e0:45:01/00:00:00:00:00/40 Emask 0x10 (ATA bus error)
[  104.956214] ata2.00: status: { DRDY }
[  104.956217] ata2.00: failed command: WRITE FPDMA QUEUED
[  104.956219] ata2.00: cmd 61/20:48:20:41:01/00:00:00:00:00/40 tag 9 ncq dma 16384 out
                        res 40/00:50:e0:45:01/00:00:00:00:00/40 Emask 0x10 (ATA bus error)
[  104.956229] ata2.00: status: { DRDY }
[  104.956232] ata2.00: failed command: WRITE FPDMA QUEUED
[  104.956235] ata2.00: cmd 61/20:50:e0:45:01/00:00:00:00:00/40 tag 10 ncq dma 16384 out
                        res 40/00:50:e0:45:01/00:00:00:00:00/40 Emask 0x10 (ATA bus error)
[  104.956244] ata2.00: status: { DRDY }
[  104.956247] ata2.00: failed command: WRITE FPDMA QUEUED
[  104.956250] ata2.00: cmd 61/40:80:40:46:01/00:00:00:00:00/40 tag 16 ncq dma 32768 out
                        res 40/00:50:e0:45:01/00:00:00:00:00/40 Emask 0x10 (ATA bus error)
[  104.956260] ata2.00: status: { DRDY }
[  104.956263] ata2.00: failed command: WRITE FPDMA QUEUED
[  104.956265] ata2.00: cmd 61/20:88:60:47:01/00:00:00:00:00/40 tag 17 ncq dma 16384 out
                        res 40/00:50:e0:45:01/00:00:00:00:00/40 Emask 0x10 (ATA bus error)
[  104.956275] ata2.00: status: { DRDY }
[  104.956278] ata2.00: failed command: WRITE FPDMA QUEUED
[  104.956281] ata2.00: cmd 61/20:90:e0:ea:01/00:00:00:00:00/40 tag 18 ncq dma 16384 out
                        res 40/00:50:e0:45:01/00:00:00:00:00/40 Emask 0x10 (ATA bus error)
[  104.956290] ata2.00: status: { DRDY }
[  104.956293] ata2.00: failed command: WRITE FPDMA QUEUED
[  104.956296] ata2.00: cmd 61/20:98:00:f1:01/00:00:00:00:00/40 tag 19 ncq dma 16384 out
                        res 40/00:50:e0:45:01/00:00:00:00:00/40 Emask 0x10 (ATA bus error)
[  104.956305] ata2.00: status: { DRDY }
[  104.956308] ata2.00: failed command: WRITE FPDMA QUEUED
[  104.956311] ata2.00: cmd 61/20:a0:40:0a:02/00:00:00:00:00/40 tag 20 ncq dma 16384 out
                        res 40/00:50:e0:45:01/00:00:00:00:00/40 Emask 0x10 (ATA bus error)
[  104.956321] ata2.00: status: { DRDY }
[  104.956323] ata2.00: failed command: WRITE FPDMA QUEUED
[  104.956326] ata2.00: cmd 61/20:a8:a0:0b:02/00:00:00:00:00/40 tag 21 ncq dma 16384 out
                        res 40/00:50:e0:45:01/00:00:00:00:00/40 Emask 0x10 (ATA bus error)
[  104.956336] ata2.00: status: { DRDY }
[  104.956339] ata2.00: failed command: WRITE FPDMA QUEUED
[  104.956341] ata2.00: cmd 61/20:b0:20:0f:02/00:00:00:00:00/40 tag 22 ncq dma 16384 out
                        res 40/00:50:e0:45:01/00:00:00:00:00/40 Emask 0x10 (ATA bus error)
[  104.956351] ata2.00: status: { DRDY }
[  104.956356] ata2.00: failed command: WRITE FPDMA QUEUED
[  104.956359] ata2.00: cmd 61/20:b8:c0:12:02/00:00:00:00:00/40 tag 23 ncq dma 16384 out
                        res 40/00:50:e0:45:01/00:00:00:00:00/40 Emask 0x10 (ATA bus error)
[  104.956368] ata2.00: status: { DRDY }
[  104.956371] ata2.00: failed command: WRITE FPDMA QUEUED
[  104.956374] ata2.00: cmd 61/20:c0:a0:7d:01/00:00:00:00:00/40 tag 24 ncq dma 16384 out
                        res 40/00:50:e0:45:01/00:00:00:00:00/40 Emask 0x10 (ATA bus error)
[  104.956383] ata2.00: status: { DRDY }
[  104.956386] ata2.00: failed command: WRITE FPDMA QUEUED
[  104.956389] ata2.00: cmd 61/20:c8:00:c1:01/00:00:00:00:00/40 tag 25 ncq dma 16384 out
                        res 40/00:50:e0:45:01/00:00:00:00:00/40 Emask 0x10 (ATA bus error)
[  104.956399] ata2.00: status: { DRDY }
[  104.956402] ata2.00: failed command: WRITE FPDMA QUEUED
[  104.956404] ata2.00: cmd 61/20:d0:e0:4b:01/00:00:00:00:00/40 tag 26 ncq dma 16384 out
                        res 40/00:50:e0:45:01/00:00:00:00:00/40 Emask 0x10 (ATA bus error)
[  104.956414] ata2.00: status: { DRDY }
[  104.956417] ata2.00: failed command: WRITE FPDMA QUEUED
[  104.956419] ata2.00: cmd 61/20:d8:c0:4d:01/00:00:00:00:00/40 tag 27 ncq dma 16384 out
                        res 40/00:50:e0:45:01/00:00:00:00:00/40 Emask 0x10 (ATA bus error)
[  104.956429] ata2.00: status: { DRDY }
[  104.956432] ata2.00: failed command: WRITE FPDMA QUEUED
[  104.956435] ata2.00: cmd 61/20:e0:c0:5d:01/00:00:00:00:00/40 tag 28 ncq dma 16384 out
                        res 40/00:50:e0:45:01/00:00:00:00:00/40 Emask 0x10 (ATA bus error)
[  104.956444] ata2.00: status: { DRDY }
[  104.956447] ata2.00: failed command: WRITE FPDMA QUEUED
[  104.956450] ata2.00: cmd 61/20:e8:a0:6b:01/00:00:00:00:00/40 tag 29 ncq dma 16384 out
                        res 40/00:50:e0:45:01/00:00:00:00:00/40 Emask 0x10 (ATA bus error)
[  104.956460] ata2.00: status: { DRDY }
[  104.956462] ata2.00: failed command: WRITE FPDMA QUEUED
[  104.956465] ata2.00: cmd 61/20:f0:00:e8:00/00:00:00:00:00/40 tag 30 ncq dma 16384 out
                        res 40/00:50:e0:45:01/00:00:00:00:00/40 Emask 0x10 (ATA bus error)
[  104.956475] ata2.00: status: { DRDY }
[  104.956480] ata2: hard resetting link
[  105.425919] ata2: SATA link up 6.0 Gbps (SStatus 133 SControl 300)
[  105.427058] ata2.00: configured for UDMA/133
[  105.427423] ata2: EH complete
[  105.442682] ata2: limiting SATA link speed to 3.0 Gbps
[  105.442693] ata2.00: exception Emask 0x10 SAct 0x7ffbc0ff SErr 0x400101 action 0x6 frozen
[  105.442705] ata2.00: irq_stat 0x0c000000, interface fatal error
[  105.442709] ata2: SError: { RecovData UnrecovData Handshk }
[  105.442714] ata2.00: failed command: WRITE FPDMA QUEUED
[  105.442717] ata2.00: cmd 61/20:00:00:f1:01/00:00:00:00:00/40 tag 0 ncq dma 16384 out
                        res 40/00:88:00:e8:00/00:00:00:00:00/40 Emask 0x10 (ATA bus error)
[  105.442729] ata2.00: status: { DRDY }
[  105.442732] ata2.00: failed command: WRITE FPDMA QUEUED
[  105.442735] ata2.00: cmd 61/20:08:40:0a:02/00:00:00:00:00/40 tag 1 ncq dma 16384 out
                        res 40/00:88:00:e8:00/00:00:00:00:00/40 Emask 0x10 (ATA bus error)
[  105.442745] ata2.00: status: { DRDY }
[  105.442751] ata2.00: failed command: WRITE FPDMA QUEUED
[  105.442754] ata2.00: cmd 61/20:10:a0:0b:02/00:00:00:00:00/40 tag 2 ncq dma 16384 out
                        res 40/00:88:00:e8:00/00:00:00:00:00/40 Emask 0x10 (ATA bus error)
[  105.442764] ata2.00: status: { DRDY }
[  105.442767] ata2.00: failed command: WRITE FPDMA QUEUED
[  105.442770] ata2.00: cmd 61/20:18:20:0f:02/00:00:00:00:00/40 tag 3 ncq dma 16384 out
                        res 40/00:88:00:e8:00/00:00:00:00:00/40 Emask 0x10 (ATA bus error)
[  105.442780] ata2.00: status: { DRDY }
[  105.442783] ata2.00: failed command: WRITE FPDMA QUEUED
[  105.442785] ata2.00: cmd 61/20:20:c0:12:02/00:00:00:00:00/40 tag 4 ncq dma 16384 out
                        res 40/00:88:00:e8:00/00:00:00:00:00/40 Emask 0x10 (ATA bus error)
[  105.442795] ata2.00: status: { DRDY }
[  105.442798] ata2.00: failed command: WRITE FPDMA QUEUED
[  105.442802] ata2.00: cmd 61/20:28:a0:7d:01/00:00:00:00:00/40 tag 5 ncq dma 16384 out
                        res 40/00:88:00:e8:00/00:00:00:00:00/40 Emask 0x10 (ATA bus error)
[  105.442812] ata2.00: status: { DRDY }
[  105.442814] ata2.00: failed command: WRITE FPDMA QUEUED
[  105.442817] ata2.00: cmd 61/20:30:00:c1:01/00:00:00:00:00/40 tag 6 ncq dma 16384 out
                        res 40/00:88:00:e8:00/00:00:00:00:00/40 Emask 0x10 (ATA bus error)
[  105.442827] ata2.00: status: { DRDY }
[  105.442830] ata2.00: failed command: WRITE FPDMA QUEUED
[  105.442833] ata2.00: cmd 61/20:38:e0:4b:01/00:00:00:00:00/40 tag 7 ncq dma 16384 out
                        res 40/00:88:00:e8:00/00:00:00:00:00/40 Emask 0x10 (ATA bus error)
[  105.442843] ata2.00: status: { DRDY }
[  105.442846] ata2.00: failed command: WRITE FPDMA QUEUED
[  105.442849] ata2.00: cmd 61/20:70:c0:4d:01/00:00:00:00:00/40 tag 14 ncq dma 16384 out
                        res 40/00:88:00:e8:00/00:00:00:00:00/40 Emask 0x10 (ATA bus error)
[  105.442859] ata2.00: status: { DRDY }
[  105.442862] ata2.00: failed command: WRITE FPDMA QUEUED
[  105.442865] ata2.00: cmd 61/20:78:c0:5d:01/00:00:00:00:00/40 tag 15 ncq dma 16384 out
                        res 40/00:88:00:e8:00/00:00:00:00:00/40 Emask 0x10 (ATA bus error)
[  105.442875] ata2.00: status: { DRDY }
[  105.442878] ata2.00: failed command: WRITE FPDMA QUEUED
[  105.442881] ata2.00: cmd 61/20:80:a0:6b:01/00:00:00:00:00/40 tag 16 ncq dma 16384 out
                        res 40/00:88:00:e8:00/00:00:00:00:00/40 Emask 0x10 (ATA bus error)
[  105.442891] ata2.00: status: { DRDY }
[  105.442894] ata2.00: failed command: WRITE FPDMA QUEUED
[  105.442896] ata2.00: cmd 61/20:88:00:e8:00/00:00:00:00:00/40 tag 17 ncq dma 16384 out
                        res 40/00:88:00:e8:00/00:00:00:00:00/40 Emask 0x10 (ATA bus error)
[  105.442906] ata2.00: status: { DRDY }
[  105.442909] ata2.00: failed command: WRITE FPDMA QUEUED
[  105.442912] ata2.00: cmd 61/20:98:c0:f6:00/00:00:00:00:00/40 tag 19 ncq dma 16384 out
                        res 40/00:88:00:e8:00/00:00:00:00:00/40 Emask 0x10 (ATA bus error)
[  105.442922] ata2.00: status: { DRDY }
[  105.442925] ata2.00: failed command: WRITE FPDMA QUEUED
[  105.442928] ata2.00: cmd 61/20:a0:20:15:01/00:00:00:00:00/40 tag 20 ncq dma 16384 out
                        res 40/00:88:00:e8:00/00:00:00:00:00/40 Emask 0x10 (ATA bus error)
[  105.442938] ata2.00: status: { DRDY }
[  105.442941] ata2.00: failed command: WRITE FPDMA QUEUED
[  105.442944] ata2.00: cmd 61/20:a8:a0:15:01/00:00:00:00:00/40 tag 21 ncq dma 16384 out
